=== script1 05:35:50 ===
  seeded node key -> convoy-ship-a-node
  seeded node key -> convoy-ship-b-node
  seeded node key -> convoy-ship-c-node
  seeded node key -> convoy-ship-d-node
  seeded node key -> convoy-ship-e-node
  seeded node key -> convoy-ship-f-node
  [1/4] L1 chain — 6 Besu QBFT validators (ships A–F)
═══════════════════════════════════════════════════════════════
 Container convoy-ship-b Started 
 Container convoy-ship-c Started 
 Container convoy-ship-d Started 
  waiting for Besu ship-a RPC (localhost:8545)........... ✓

═══════════════════════════════════════════════════════════════
  [2/4] L1 contracts — Registry, Verifier, CommandLog
═══════════════════════════════════════════════════════════════
  importing owner key into ship volume convoy-ship-a-key (host never keeps it)
  importing owner key into ship volume convoy-relay-alpha-key (host never keeps it)
  importing owner key into ship volume convoy-relay-bravo-key (host never keeps it)
  importing owner key into ship volume convoy-ship-d-key (host never keeps it)
  deploying alpha Starknet core (bootstrapper-v2 setup-base)...
[2026-10-01T04:36:51Z INFO  bootstrapper_v2::setup::base_layer::ethereum] Deployed CoreContract at address: 0x0116686e2291dbd5e317f47fadbfb43b599786ef
[2026-10-01T04:36:59Z INFO  bootstrapper_v2::setup::base_layer::ethereum] Deployed Manager at address: 0x9baab117304f7d6517048e371025db8f89a8dbe5
[2026-10-01T04:37:06Z INFO  bootstrapper_v2::setup::base_layer::ethereum] Deployed Registry at address: 0x1eb835eb7beeee9e6bbfe08f16a2d2ef668204bd
[2026-10-01T04:37:14Z INFO  bootstrapper_v2::setup::base_layer::ethereum] Deployed MultiBridge at address: 0x31a65c6d4eb07ad51e7afc890ac3b7be84df2ead
[2026-10-01T04:37:21Z INFO  bootstrapper_v2::setup::base_layer::ethereum] Deployed EthBridge at address: 0x2706a171ecb68e0038378d40dd1d136361d0cb7d
[2026-10-01T04:37:29Z INFO  bootstrapper_v2::setup::base_layer::ethereum] Deployed EthBridgeEIC at address: 0x993f00eb9c73e3e4eae3d6afb4ba65a6b8b5e597
[2026-10-01T04:37:29Z INFO  bootstrapper_v2::setup::base_layer::ethereum] Computed config hash: 0x4b770bb457112c3766402811d37e461a0c0864f822ff50dd474d53d4b3861ee
[2026-10-01T04:37:29Z INFO  bootstrapper_v2::setup::base_layer::ethereum] Using computed config hash: 0x4b770bb457112c3766402811d37e461a0c0864f822ff50dd474d53d4b3861ee
[2026-10-01T04:37:36Z INFO  bootstrapper_v2::setup::base_layer::ethereum] Deployed factory at 0xd771d7c0e1ebe89c9e9f663824851bb89b926d1a
[2026-10-01T04:37:43Z INFO  bootstrapper_v2::setup::base_layer::ethereum::factory] Received BaseLayerContractsDeployed event, Base layer contracts: BaseLayerContracts { coreContract: 0xb05827a30496ed35d62a4c0b08658a6cd9df0978, manager: 0xff00b07c8f85b81c668e2a15e168c2f432d0d5ff, registry: 0xc19dea222c49cf580341821d8aad5580e7e2a7f3, tokenBridge: 0x33bc304daa5f0dab0e17741439bdb8c153dc3542, ethTokenBridge: 0x74a6dc89fc8662621cf8eba730367ec5f93a6640 }
[2026-10-01T04:37:43Z INFO  bootstrapper_v2::setup::base_layer::ethereum] Ethereum base layer addresses saved to: /bootstrap/output/addresses-alpha.json
  deploying bravo Starknet core (bootstrapper-v2 setup-base)...
[2026-10-01T04:37:53Z INFO  bootstrapper_v2::setup::base_layer::ethereum] Deployed CoreContract at address: 0x8464135c8f25da09e49bc8782676a84730c318bc
[2026-10-01T04:38:01Z INFO  bootstrapper_v2::setup::base_layer::ethereum] Deployed Manager at address: 0x71c95911e9a5d330f4d621842ec243ee1343292e
[2026-10-01T04:38:08Z INFO  bootstrapper_v2::setup::base_layer::ethereum] Deployed Registry at address: 0x948b3c65b89df0b4894abe91e6d02fe579834f8f
[2026-10-01T04:38:15Z INFO  bootstrapper_v2::setup::base_layer::ethereum] Deployed MultiBridge at address: 0x712516e61c8b383df4a63cfe83d7701bce54b03e
[2026-10-01T04:38:22Z INFO  bootstrapper_v2::setup::base_layer::ethereum] Deployed EthBridge at address: 0xbcf26943c0197d2ee0e5d05c716be60cc2761508
[2026-10-01T04:38:30Z INFO  bootstrapper_v2::setup::base_layer::ethereum] Deployed EthBridgeEIC at address: 0x59f2f1fcfe2474fd5f0b9ba1e73ca90b143eb8d0
[2026-10-01T04:38:31Z INFO  bootstrapper_v2::setup::base_layer::ethereum] Computed config hash: 0x5b119ec147dfd8c3ce53ed0f0a00d79d8f36b0ef66c3f8b0e1db4378c356d17
[2026-10-01T04:38:31Z INFO  bootstrapper_v2::setup::base_layer::ethereum] Using computed config hash: 0x5b119ec147dfd8c3ce53ed0f0a00d79d8f36b0ef66c3f8b0e1db4378c356d17
[2026-10-01T04:38:38Z INFO  bootstrapper_v2::setup::base_layer::ethereum] Deployed factory at 0xc6ba8c3233ecf65b761049ef63466945c362edd2
[2026-10-01T04:38:45Z INFO  bootstrapper_v2::setup::base_layer::ethereum::factory] Received BaseLayerContractsDeployed event, Base layer contracts: BaseLayerContracts { coreContract: 0xf46c546160eb1cf436ed30e939bff00369f7aa29, manager: 0x6a32892eeb7dfc604fc031f42617bc0b4fbfe23b, registry: 0xfc4df3332bb0379ccd79e1d0874a6fa5196c1aba, tokenBridge: 0x4490ce953691d5d660f04e80cc2e23af70569bef, ethTokenBridge: 0x9d50066d423caaf577aaf1eeee8d75879ab48ef9 }
[2026-10-01T04:38:45Z INFO  bootstrapper_v2::setup::base_layer::ethereum] Ethereum base layer addresses saved to: /bootstrap/output/addresses-bravo.json
  Alpha core: 0xb05827a30496ed35d62a4c0b08658a6cd9df0978
  Bravo core: 0xf46c546160eb1cf436ed30e939bff00369f7aa29
[deploy-l1] installing forge dependencies
[deploy-l1] building
[deploy-l1] deploying convoy contracts
  Registry         deployed at: 0x5FbDB2315678afecb367f032d93F642f64180aa3
  Verifier         deployed at: 0xe7f1725E7734CE288F8367e1Bb143E90bb3F0512
  CommandLog       deployed at: 0x9fE46736679d2D9a65F0992F2272dE9f3c7fa6e0
[deploy-l1] L1 contracts deployed; run ./scripts/script4_register-missions.sh after L2 setup
  [2b] StarkWare 2023_9 GPS verifier suite (byte-identical mainnet bytecode)
[deploy-stark] deploying 15 stateless contracts (byte-identical to mainnet 2023_9)...
[deploy-stark] deploying CpuFrilessVerifier (7-builtin starknet)...
[deploy-stark] deploying GpsStatementVerifier (2023_9, N_BUILTINS=9)...
[deploy-stark] done - addresses written to SIMULATOR/demo/.tmp-l1/stark-verifier.env:
# StarkWare 2023_9 (7-builtin starknet) verifier suite on Besu - deploy-stark-verifier.sh
GPS_STATEMENT_VERIFIER_ADDR=0xc6e7DF5E7b4f2A278906862b61205850344D4e7d
CPU_FRILESS_VERIFIER_ADDR=0x3Aa5ebB10DC797CAC828524e59A333d0A371443c
MERKLE_STATEMENT_CONTRACT_ADDR=0xDc64a140Aa3E981100a9becA4E685f962f0cF6C9
FRI_STATEMENT_CONTRACT_ADDR=0x5FC8d32690cc91D4c39d9d3abcBD16989F875707
MEMORY_PAGE_FACT_REGISTRY_ADDR=0x0165878A594ca255338adfa4d48449f69242Eb8F
CPU_CONSTRAINT_POLY_ADDR=0xa513E6E4b8f2a923D98304ec87F64353C4D5C853
CPU_OODS_ADDR=0x2279B7A0a67DB372996a5FaB50D91eAA73d2eBe6
CAIRO_BOOTLOADER_PROGRAM_ADDR=0x8A791620dd6260079BF849Dc5567aDC3F2FdC318
  wiring convoy Verifier 0xe7f1725E7734CE288F8367e1Bb143E90bb3F0512 -> GPS 0xc6e7DF5E7b4f2A278906862b61205850344D4e7d
  ✓ starkVerifier wired

═══════════════════════════════════════════════════════════════
  [3/4] L2 stack — 10 Madara + 2 pathfinder leaders + prover APIs
═══════════════════════════════════════════════════════════════
  seeding alpha genesis (--devnet one-shot)...
 Volume naval-convoy-protection_madara-alpha-data Creating 
 Volume naval-convoy-protection_madara-alpha-data Created 
time="2026-10-01T05:40:00+01:00" level=warning msg="volume \"convoy-ship-a-node\" already exists but was not created by Docker Compose. Use `external: true` to use an existing volume"
 Container convoy-ship-a Running 
 Container convoy-madara-alpha-seed Creating 
 Container convoy-madara-alpha-seed Created 
 Container convoy-ship-a Waiting 
 Container convoy-ship-a Healthy 
 Container convoy-madara-alpha-seed Starting 
 Container convoy-madara-alpha-seed Started 
 Container convoy-madara-alpha-seed Stopping 
 Container convoy-madara-alpha-seed Stopped 
Going to remove convoy-madara-alpha-seed
 Container convoy-madara-alpha-seed Removing 
 Container convoy-madara-alpha-seed Removed 
  alpha genesis seeded ✓
  seeding bravo genesis (--devnet one-shot)...
 Volume naval-convoy-protection_madara-bravo-data Creating 
 Volume naval-convoy-protection_madara-bravo-data Created 
time="2026-10-01T05:40:08+01:00" level=warning msg="volume \"convoy-ship-a-node\" already exists but was not created by Docker Compose. Use `external: true` to use an existing volume"
 Container convoy-ship-a Running 
 Container convoy-madara-bravo-seed Creating 
 Container convoy-madara-bravo-seed Created 
 Container convoy-ship-a Waiting 
 Container convoy-ship-a Healthy 
 Container convoy-madara-bravo-seed Starting 
 Container convoy-madara-bravo-seed Started 
 Container convoy-madara-bravo-seed Stopping 
 Container convoy-madara-bravo-seed Stopped 
Going to remove convoy-madara-bravo-seed
 Container convoy-madara-bravo-seed Removing 
 Container convoy-madara-bravo-seed Removed 
  bravo genesis seeded ✓
 Container convoy-madara-alpha-3 Started 
 Container convoy-madara-alpha-4 Started 
 Container convoy-madara-alpha-5 Started 
  waiting for madara-alpha (sequencer) healthy... ✓
  waiting for madara-bravo (sequencer) healthy... ✓
  waiting for pathfinder-alpha-1 (leader archive) healthy..... ✓
  waiting for pathfinder-bravo-1 (leader archive) healthy... ✓

═══════════════════════════════════════════════════════════════
  [4/4] Dozzle log viewer
═══════════════════════════════════════════════════════════════
 Container convoy-debugger Created 
 Container convoy-debugger Starting 
 Container convoy-debugger Started 
  → http://localhost:8888  (sidebar grouped by drone hardware)

═══════════════════════════════════════════════════════════════
  Stack is up. Suggested next steps:
═══════════════════════════════════════════════════════════════
    ./SIMULATOR/demo/scripts/script2_deploy-l2.sh --swarm both
    ./SIMULATOR/demo/scripts/script3_generate-drone-accounts.sh --swarm both
    ./SIMULATOR/demo/scripts/script4_register-missions.sh --swarm both
    python3 SIMULATOR/demo/scripts/script5_generate-mission.py --scenario both-safe
    for swarm in alpha bravo; do
        for did in 1 2 3 4 5; do
            f=SIMULATOR/demo/scenarios/both-safe/${swarm}_${did}.json
            [ -f "$f" ] && ./SIMULATOR/demo/scripts/script6_submit-telemetry.sh $swarm $did "$f"
        done
    done
    

docker run --rm --network convoy-l1 ghcr.io/foundry-rs/foundry:latest   -c cast call 0x9fE46736679d2D9a65F0992F2272dE9f3c7fa6e0 advanceCount()(uint256) --rpc-url http://ship-a:8545   
  

    

docker run --rm --network convoy-l1 -v convoy-ship-d-key:/key --entrypoint sh ghcr.io/foundry-rs/foundry:latest -c  cast send 0x9fE46736679d2D9a65F0992F2272dE9f3c7fa6e0 advance(uint256,uint256,uint256) 1 2 100 --rpc-url http://ship-a:8545 --private-key $(cat /key/pk) --legacy  
    

=== script2 05:40:33 ===
[deploy-l2] deployer account: 0x055be462e718c4166d656d11f89e341115b8bc82389c3762a10eade04fcb225d (held in relay-ship volumes, not on host)
[deploy-l2] importing deployer key into relay-ship volume convoy-ship-f-key (host never keeps it)
WARNING: setting passwords via --password is generally considered insecure, as they will be stored in your shell history or other log files.

======================================================================
  Deploying convoy_protocol to convoy-madara-alpha  (swarm=alpha)
  RPC: http://convoy-madara-alpha:9944/rpc/v0.8.1
======================================================================
[deploy-l2/alpha] computing class hash...
[deploy-l2/alpha] class_hash: 0x00775f0a4bddb60e82b5cac35784d02370b53ffdb6297c71b9c8c61f238f397f
[deploy-l2/alpha] declaring convoy_protocol...
Transaction 0x01295a1f01660730b039dc6588236bbdf40ac30bcc7ae6f8f3e2765239ad49df confirmed
Class hash declared:
0x00775f0a4bddb60e82b5cac35784d02370b53ffdb6297c71b9c8c61f238f397f
[deploy-l2/alpha] waiting for class 0x00775f0a4bddb60e82b5cac35784d02370b53ffdb6297c71b9c8c61f238f397f to be declared on-chain...
[deploy-l2/alpha] class is declared ✓
[deploy-l2/alpha] deploying contract...
  constructor: l1_commander=0x5FbDB2315678afecb367f032d93F642f64180aa3, l1_verifier=0xe7f1725E7734CE288F8367e1Bb143E90bb3F0512
Waiting for transaction 0x0353977bcbcb4ac4d0a437d5454ff1d4376d8ccf393fc6543cc4ba363ae70ac7 to confirm...
Transaction not confirmed yet...
0x0537f18c2954ce035333c1169cc4ee12db9dcce31a533927b7afb2e1c4e9cd95
Transaction 0x0353977bcbcb4ac4d0a437d5454ff1d4376d8ccf393fc6543cc4ba363ae70ac7 confirmed
Contract deployed:
[deploy-l2/alpha] contract_addr: 0x0537f18c2954ce035333c1169cc4ee12db9dcce31a533927b7afb2e1c4e9cd95
[deploy-l2/alpha] wrote SIMULATOR/demo/.tmp-l2/convoy_l2_alpha.env
[deploy-l2/alpha] smoke test: safe_count(0) (expect 0x0)...
[deploy-l2/alpha] smoke OK
[deploy-l2] importing deployer key into relay-ship volume convoy-ship-b-key (host never keeps it)
WARNING: setting passwords via --password is generally considered insecure, as they will be stored in your shell history or other log files.

======================================================================
  Deploying convoy_protocol to convoy-madara-bravo  (swarm=bravo)
  RPC: http://convoy-madara-bravo:9944/rpc/v0.8.1
======================================================================
[deploy-l2/bravo] computing class hash...
[deploy-l2/bravo] class_hash: 0x00775f0a4bddb60e82b5cac35784d02370b53ffdb6297c71b9c8c61f238f397f
[deploy-l2/bravo] declaring convoy_protocol...
0x00775f0a4bddb60e82b5cac35784d02370b53ffdb6297c71b9c8c61f238f397f
Transaction 0x03071af1bbc74ff14701475991ca32376b6442cdb8546fe3b137a09a75d549bc confirmed
Class hash declared:
[deploy-l2/bravo] waiting for class 0x00775f0a4bddb60e82b5cac35784d02370b53ffdb6297c71b9c8c61f238f397f to be declared on-chain...
[deploy-l2/bravo] class is declared ✓
[deploy-l2/bravo] deploying contract...
  constructor: l1_commander=0x5FbDB2315678afecb367f032d93F642f64180aa3, l1_verifier=0xe7f1725E7734CE288F8367e1Bb143E90bb3F0512
Waiting for transaction 0x03b22e025e46406f26549d07c0ba729383abebd6cc23a1aa591f58c9dae096df to confirm...
Transaction not confirmed yet...
Transaction 0x03b22e025e46406f26549d07c0ba729383abebd6cc23a1aa591f58c9dae096df confirmed
Contract deployed:
0x03ccf8febfc6afd35c31d0257430b63c4fc6eb4d6de5dda684bd007726b98e05
[deploy-l2/bravo] contract_addr: 0x03ccf8febfc6afd35c31d0257430b63c4fc6eb4d6de5dda684bd007726b98e05
[deploy-l2/bravo] wrote SIMULATOR/demo/.tmp-l2/convoy_l2_bravo.env
[deploy-l2/bravo] smoke test: safe_count(0) (expect 0x0)...
[deploy-l2/bravo] smoke OK

[deploy-l2] combined SIMULATOR/demo/.tmp-l2/convoy_l2.env:
CONVOY_PROTOCOL_CLASS_HASH_ALPHA=0x00775f0a4bddb60e82b5cac35784d02370b53ffdb6297c71b9c8c61f238f397f
CONVOY_PROTOCOL_ADDR_ALPHA=0x0537f18c2954ce035333c1169cc4ee12db9dcce31a533927b7afb2e1c4e9cd95
CONVOY_PROTOCOL_CLASS_HASH_BRAVO=0x00775f0a4bddb60e82b5cac35784d02370b53ffdb6297c71b9c8c61f238f397f
CONVOY_PROTOCOL_ADDR_BRAVO=0x03ccf8febfc6afd35c31d0257430b63c4fc6eb4d6de5dda684bd007726b98e05
ACCOUNT_ADDR=0x055be462e718c4166d656d11f89e341115b8bc82389c3762a10eade04fcb225d
=== script3 05:46:25 ===

======================================================================
  Minting 5 drone accounts on convoy-madara-alpha
  (deployer: account #1 at 0x055be462e718c4166d656d11f89e341115b8bc82389c3762a10eade04fcb225d)
======================================================================
[mint/alpha/1] deploying drone account...[mint/alpha/1] minting key INSIDE convoy-machine-alpha-1 (host never sees it)
WARNING: setting passwords via --password is generally considered insecure, as they will be stored in your shell history or other log files.
 OK  addr=0x047e49af1fa7b1ee00e752f16b45a73f8c513b3ce7c8b35b0860122f9364ecfc
[mint/alpha/2] deploying drone account...[mint/alpha/2] minting key INSIDE convoy-machine-alpha-2 (host never sees it)
WARNING: setting passwords via --password is generally considered insecure, as they will be stored in your shell history or other log files.
 OK  addr=0x0126900ad54142a2513c7d945deb2733a531a26dcbe23246badf335821672b09
[mint/alpha/3] deploying drone account...[mint/alpha/3] minting key INSIDE convoy-machine-alpha-3 (host never sees it)
WARNING: setting passwords via --password is generally considered insecure, as they will be stored in your shell history or other log files.
 OK  addr=0x06a080888e0398a342b4c7467ab6bff614e4ebc00c8ab61c46dbbf2de340333d
[mint/alpha/4] deploying drone account...[mint/alpha/4] minting key INSIDE convoy-machine-alpha-4 (host never sees it)
WARNING: setting passwords via --password is generally considered insecure, as they will be stored in your shell history or other log files.
 OK  addr=0x050c232a7924d721057b2b2404cf3fd41f87acaa4e2cdec730aed7de682476ef
[mint/alpha/5] deploying drone account...[mint/alpha/5] minting key INSIDE convoy-machine-alpha-5 (host never sees it)
WARNING: setting passwords via --password is generally considered insecure, as they will be stored in your shell history or other log files.
 OK  addr=0x040e36cd617d79e9bb9ffcd4694d5447a7bf7fb6cab1a615b625e10eee0776bd

[mint/alpha] wrote SIMULATOR/demo/.tmp-l2/drones-alpha.env
# Generated by generate-drone-accounts.sh — do not commit
# Swarm: alpha    Madara: convoy-madara-alpha

ALPHA_DRONE_1_ADDR=0x047e49af1fa7b1ee00e752f16b45a73f8c513b3ce7c8b35b0860122f9364ecfc
ALPHA_DRONE_1_PUBKEY=0x0539e5e180e75ba975fcbac225daefd2c1ceb749a1211efd3d5fa31c2204e63c
ALPHA_DRONE_1_KEYSTORE=convoy-machine-alpha-1:/key/keystore.json

ALPHA_DRONE_2_ADDR=0x0126900ad54142a2513c7d945deb2733a531a26dcbe23246badf335821672b09
ALPHA_DRONE_2_PUBKEY=0x078433f5f0517f8150c602930cb077d4c033c0a5ab812969715e2c65040426f0
ALPHA_DRONE_2_KEYSTORE=convoy-machine-alpha-2:/key/keystore.json

ALPHA_DRONE_3_ADDR=0x06a080888e0398a342b4c7467ab6bff614e4ebc00c8ab61c46dbbf2de340333d
ALPHA_DRONE_3_PUBKEY=0x032babc0f54774332c56bd190b63554ec098f2db3a7fe6e38a58e006f502c0e4
ALPHA_DRONE_3_KEYSTORE=convoy-machine-alpha-3:/key/keystore.json

ALPHA_DRONE_4_ADDR=0x050c232a7924d721057b2b2404cf3fd41f87acaa4e2cdec730aed7de682476ef
ALPHA_DRONE_4_PUBKEY=0x0758cad584c914da1f22356d4f4294c06bb29347225eda72d1cebe6a76a7d7a6
ALPHA_DRONE_4_KEYSTORE=convoy-machine-alpha-4:/key/keystore.json

ALPHA_DRONE_5_ADDR=0x040e36cd617d79e9bb9ffcd4694d5447a7bf7fb6cab1a615b625e10eee0776bd
ALPHA_DRONE_5_PUBKEY=0x04e56b7065d7e3f77c92ce128805b4288be9eb7f496afca8db9901899d88e1b2
ALPHA_DRONE_5_KEYSTORE=convoy-machine-alpha-5:/key/keystore.json


[fund/alpha] funding 5 drones with 1000000000000000000 wei STRK + ETH each...
  [1/5] 0x047e49af1fa7b1ee00e752f16b45a73f8c513b3ce7c8b35b0860122f9364ecfc... OK
  [2/5] 0x0126900ad54142a2513c7d945deb2733a531a26dcbe23246badf335821672b09... OK
  [3/5] 0x06a080888e0398a342b4c7467ab6bff614e4ebc00c8ab61c46dbbf2de340333d... OK
  [4/5] 0x050c232a7924d721057b2b2404cf3fd41f87acaa4e2cdec730aed7de682476ef... OK
  [5/5] 0x040e36cd617d79e9bb9ffcd4694d5447a7bf7fb6cab1a615b625e10eee0776bd... OK

======================================================================
  Minting 5 drone accounts on convoy-madara-bravo
  (deployer: account #1 at 0x055be462e718c4166d656d11f89e341115b8bc82389c3762a10eade04fcb225d)
======================================================================
[mint/bravo/1] deploying drone account...[mint/bravo/1] minting key INSIDE convoy-machine-bravo-1 (host never sees it)
WARNING: setting passwords via --password is generally considered insecure, as they will be stored in your shell history or other log files.
 OK  addr=0x0779cf5b2c0f57eeb13f7d31ae7c891298e0331f4dc9d07e7d119835f6f76501
[mint/bravo/2] deploying drone account...[mint/bravo/2] minting key INSIDE convoy-machine-bravo-2 (host never sees it)
WARNING: setting passwords via --password is generally considered insecure, as they will be stored in your shell history or other log files.
 OK  addr=0x04dbd2e1320dfc15ed421ce499be9726b949d977a0f2cb3f08fab2c30c5f05b7
[mint/bravo/3] deploying drone account...[mint/bravo/3] minting key INSIDE convoy-machine-bravo-3 (host never sees it)
WARNING: setting passwords via --password is generally considered insecure, as they will be stored in your shell history or other log files.
 OK  addr=0x0786d005db2a7e02db469e398998300d7e9d7db367fc1866046a367ff4e38ba0
[mint/bravo/4] deploying drone account...[mint/bravo/4] minting key INSIDE convoy-machine-bravo-4 (host never sees it)
WARNING: setting passwords via --password is generally considered insecure, as they will be stored in your shell history or other log files.
 OK  addr=0x008b78da9e13f8fe4c86bcd99e15bfc2a53f0f8a075dbed675fd23b0fedc3e3f
[mint/bravo/5] deploying drone account...[mint/bravo/5] minting key INSIDE convoy-machine-bravo-5 (host never sees it)
WARNING: setting passwords via --password is generally considered insecure, as they will be stored in your shell history or other log files.
 OK  addr=0x03567a0fc9aad6e2c64b06e021cdfe6fb6245c05822fcb2182c5a0738329e8d7

[mint/bravo] wrote SIMULATOR/demo/.tmp-l2/drones-bravo.env
# Generated by generate-drone-accounts.sh — do not commit
# Swarm: bravo    Madara: convoy-madara-bravo

BRAVO_DRONE_1_ADDR=0x0779cf5b2c0f57eeb13f7d31ae7c891298e0331f4dc9d07e7d119835f6f76501
BRAVO_DRONE_1_PUBKEY=0x04dd84f86be74771eb342c0cae3ba450711cf7e53c2a5580c04ebf65054ada36
BRAVO_DRONE_1_KEYSTORE=convoy-machine-bravo-1:/key/keystore.json

BRAVO_DRONE_2_ADDR=0x04dbd2e1320dfc15ed421ce499be9726b949d977a0f2cb3f08fab2c30c5f05b7
BRAVO_DRONE_2_PUBKEY=0x008973e7452a8557d652b22486033659a394d144292d45c5b46b94716b0995a2
BRAVO_DRONE_2_KEYSTORE=convoy-machine-bravo-2:/key/keystore.json

BRAVO_DRONE_3_ADDR=0x0786d005db2a7e02db469e398998300d7e9d7db367fc1866046a367ff4e38ba0
BRAVO_DRONE_3_PUBKEY=0x055dde0e78809ed6dfa5efd177fc8bdd11f74039d4f15ce47111633b46e21e36
BRAVO_DRONE_3_KEYSTORE=convoy-machine-bravo-3:/key/keystore.json

BRAVO_DRONE_4_ADDR=0x008b78da9e13f8fe4c86bcd99e15bfc2a53f0f8a075dbed675fd23b0fedc3e3f
BRAVO_DRONE_4_PUBKEY=0x022e001e851fd90926bb2fd5f8253783c2b58dbee84d2781c6b2be507cbabffe
BRAVO_DRONE_4_KEYSTORE=convoy-machine-bravo-4:/key/keystore.json

BRAVO_DRONE_5_ADDR=0x03567a0fc9aad6e2c64b06e021cdfe6fb6245c05822fcb2182c5a0738329e8d7
BRAVO_DRONE_5_PUBKEY=0x0716994079979a043e414bdf853dea4ba432622ea6fdd3bb4238f705ecabcf8a
BRAVO_DRONE_5_KEYSTORE=convoy-machine-bravo-5:/key/keystore.json


[fund/bravo] funding 5 drones with 1000000000000000000 wei STRK + ETH each...
  [1/5] 0x0779cf5b2c0f57eeb13f7d31ae7c891298e0331f4dc9d07e7d119835f6f76501... OK
  [2/5] 0x04dbd2e1320dfc15ed421ce499be9726b949d977a0f2cb3f08fab2c30c5f05b7... OK
  [3/5] 0x0786d005db2a7e02db469e398998300d7e9d7db367fc1866046a367ff4e38ba0... OK
  [4/5] 0x008b78da9e13f8fe4c86bcd99e15bfc2a53f0f8a075dbed675fd23b0fedc3e3f... OK
  [5/5] 0x03567a0fc9aad6e2c64b06e021cdfe6fb6245c05822fcb2182c5a0738329e8d7... OK
