=== script1 12:38:17 ===
  seeded node key -> convoy-ship-a-node
  seeded node key -> convoy-ship-b-node
  seeded node key -> convoy-ship-c-node
  seeded node key -> convoy-ship-d-node
  seeded node key -> convoy-ship-e-node
  seeded node key -> convoy-ship-f-node
  [1/4] L1 chain — 6 Besu QBFT validators (ships A–F)
═══════════════════════════════════════════════════════════════
 Container convoy-ship-f Started 
 Container convoy-ship-c Started 
 Container convoy-ship-e Started 
  waiting for Besu ship-a RPC (localhost:8545)............... ✓

═══════════════════════════════════════════════════════════════
  [2/4] L1 contracts — Registry, Verifier, CommandLog
═══════════════════════════════════════════════════════════════
  importing owner key into ship volume convoy-ship-a-key (host never keeps it)
  importing owner key into ship volume convoy-relay-alpha-key (host never keeps it)
  importing owner key into ship volume convoy-relay-bravo-key (host never keeps it)
  importing owner key into ship volume convoy-ship-d-key (host never keeps it)
  deploying alpha Starknet core (bootstrapper-v2 setup-base)...
[2026-09-25T11:39:26Z INFO  bootstrapper_v2::setup::base_layer::ethereum] Deployed CoreContract at address: 0x0116686e2291dbd5e317f47fadbfb43b599786ef
[2026-09-25T11:39:33Z INFO  bootstrapper_v2::setup::base_layer::ethereum] Deployed Manager at address: 0x9baab117304f7d6517048e371025db8f89a8dbe5
[2026-09-25T11:39:40Z INFO  bootstrapper_v2::setup::base_layer::ethereum] Deployed Registry at address: 0x1eb835eb7beeee9e6bbfe08f16a2d2ef668204bd
[2026-09-25T11:39:47Z INFO  bootstrapper_v2::setup::base_layer::ethereum] Deployed MultiBridge at address: 0x31a65c6d4eb07ad51e7afc890ac3b7be84df2ead
[2026-09-25T11:39:54Z INFO  bootstrapper_v2::setup::base_layer::ethereum] Deployed EthBridge at address: 0x2706a171ecb68e0038378d40dd1d136361d0cb7d
[2026-09-25T11:40:01Z INFO  bootstrapper_v2::setup::base_layer::ethereum] Deployed EthBridgeEIC at address: 0x993f00eb9c73e3e4eae3d6afb4ba65a6b8b5e597
[2026-09-25T11:40:01Z INFO  bootstrapper_v2::setup::base_layer::ethereum] Computed config hash: 0x4b770bb457112c3766402811d37e461a0c0864f822ff50dd474d53d4b3861ee
[2026-09-25T11:40:01Z INFO  bootstrapper_v2::setup::base_layer::ethereum] Using computed config hash: 0x4b770bb457112c3766402811d37e461a0c0864f822ff50dd474d53d4b3861ee
[2026-09-25T11:40:08Z INFO  bootstrapper_v2::setup::base_layer::ethereum] Deployed factory at 0xd771d7c0e1ebe89c9e9f663824851bb89b926d1a
[2026-09-25T11:40:15Z INFO  bootstrapper_v2::setup::base_layer::ethereum::factory] Received BaseLayerContractsDeployed event, Base layer contracts: BaseLayerContracts { coreContract: 0xb05827a30496ed35d62a4c0b08658a6cd9df0978, manager: 0xff00b07c8f85b81c668e2a15e168c2f432d0d5ff, registry: 0xc19dea222c49cf580341821d8aad5580e7e2a7f3, tokenBridge: 0x33bc304daa5f0dab0e17741439bdb8c153dc3542, ethTokenBridge: 0x74a6dc89fc8662621cf8eba730367ec5f93a6640 }
[2026-09-25T11:40:15Z INFO  bootstrapper_v2::setup::base_layer::ethereum] Ethereum base layer addresses saved to: /bootstrap/output/addresses-alpha.json
  deploying bravo Starknet core (bootstrapper-v2 setup-base)...
[2026-09-25T11:40:22Z INFO  bootstrapper_v2::setup::base_layer::ethereum] Deployed CoreContract at address: 0x8464135c8f25da09e49bc8782676a84730c318bc
[2026-09-25T11:40:29Z INFO  bootstrapper_v2::setup::base_layer::ethereum] Deployed Manager at address: 0x71c95911e9a5d330f4d621842ec243ee1343292e
[2026-09-25T11:40:36Z INFO  bootstrapper_v2::setup::base_layer::ethereum] Deployed Registry at address: 0x948b3c65b89df0b4894abe91e6d02fe579834f8f
[2026-09-25T11:40:44Z INFO  bootstrapper_v2::setup::base_layer::ethereum] Deployed MultiBridge at address: 0x712516e61c8b383df4a63cfe83d7701bce54b03e
[2026-09-25T11:40:50Z INFO  bootstrapper_v2::setup::base_layer::ethereum] Deployed EthBridge at address: 0xbcf26943c0197d2ee0e5d05c716be60cc2761508
[2026-09-25T11:40:57Z INFO  bootstrapper_v2::setup::base_layer::ethereum] Deployed EthBridgeEIC at address: 0x59f2f1fcfe2474fd5f0b9ba1e73ca90b143eb8d0
[2026-09-25T11:40:57Z INFO  bootstrapper_v2::setup::base_layer::ethereum] Computed config hash: 0x5b119ec147dfd8c3ce53ed0f0a00d79d8f36b0ef66c3f8b0e1db4378c356d17
[2026-09-25T11:40:57Z INFO  bootstrapper_v2::setup::base_layer::ethereum] Using computed config hash: 0x5b119ec147dfd8c3ce53ed0f0a00d79d8f36b0ef66c3f8b0e1db4378c356d17
[2026-09-25T11:41:04Z INFO  bootstrapper_v2::setup::base_layer::ethereum] Deployed factory at 0xc6ba8c3233ecf65b761049ef63466945c362edd2
[2026-09-25T11:41:11Z INFO  bootstrapper_v2::setup::base_layer::ethereum::factory] Received BaseLayerContractsDeployed event, Base layer contracts: BaseLayerContracts { coreContract: 0xf46c546160eb1cf436ed30e939bff00369f7aa29, manager: 0x6a32892eeb7dfc604fc031f42617bc0b4fbfe23b, registry: 0xfc4df3332bb0379ccd79e1d0874a6fa5196c1aba, tokenBridge: 0x4490ce953691d5d660f04e80cc2e23af70569bef, ethTokenBridge: 0x9d50066d423caaf577aaf1eeee8d75879ab48ef9 }
[2026-09-25T11:41:11Z INFO  bootstrapper_v2::setup::base_layer::ethereum] Ethereum base layer addresses saved to: /bootstrap/output/addresses-bravo.json
  Alpha core: 0xb05827a30496ed35d62a4c0b08658a6cd9df0978
  Bravo core: 0xf46c546160eb1cf436ed30e939bff00369f7aa29
[deploy-l1] installing forge dependencies
[deploy-l1] building
[deploy-l1] deploying convoy contracts
  Registry         deployed at: 0x5FbDB2315678afecb367f032d93F642f64180aa3
  Verifier         deployed at: 0xe7f1725E7734CE288F8367e1Bb143E90bb3F0512
  CommandLog       deployed at: 0x9fE46736679d2D9a65F0992F2272dE9f3c7fa6e0
[deploy-l1] L1 contracts deployed; run ./scripts/script4_register-missions.sh after L2 setup
  [2b] StarkWare 2023_9 GPS verifier suite (byte-identical mainnet bytecode)
[deploy-stark] deploying 15 stateless contracts (byte-identical to mainnet 2023_9)...
[deploy-stark] deploying CpuFrilessVerifier (7-builtin starknet)...
[deploy-stark] deploying GpsStatementVerifier (2023_9, N_BUILTINS=9)...
[deploy-stark] done - addresses written to SIMULATOR/demo/.tmp-l1/stark-verifier.env:
# StarkWare 2023_9 (7-builtin starknet) verifier suite on Besu - deploy-stark-verifier.sh
GPS_STATEMENT_VERIFIER_ADDR=0xc6e7DF5E7b4f2A278906862b61205850344D4e7d
CPU_FRILESS_VERIFIER_ADDR=0x3Aa5ebB10DC797CAC828524e59A333d0A371443c
MERKLE_STATEMENT_CONTRACT_ADDR=0xDc64a140Aa3E981100a9becA4E685f962f0cF6C9
FRI_STATEMENT_CONTRACT_ADDR=0x5FC8d32690cc91D4c39d9d3abcBD16989F875707
MEMORY_PAGE_FACT_REGISTRY_ADDR=0x0165878A594ca255338adfa4d48449f69242Eb8F
CPU_CONSTRAINT_POLY_ADDR=0xa513E6E4b8f2a923D98304ec87F64353C4D5C853
CPU_OODS_ADDR=0x2279B7A0a67DB372996a5FaB50D91eAA73d2eBe6
CAIRO_BOOTLOADER_PROGRAM_ADDR=0x8A791620dd6260079BF849Dc5567aDC3F2FdC318
  wiring convoy Verifier 0xe7f1725E7734CE288F8367e1Bb143E90bb3F0512 -> GPS 0xc6e7DF5E7b4f2A278906862b61205850344D4e7d
  ✓ starkVerifier wired

═══════════════════════════════════════════════════════════════
  [3/4] L2 stack — 10 Madara + 2 pathfinder leaders + prover APIs
═══════════════════════════════════════════════════════════════
  seeding alpha genesis (--devnet one-shot)...
 Volume naval-convoy-protection_madara-alpha-data Creating 
 Volume naval-convoy-protection_madara-alpha-data Created 
time="2026-09-25T12:42:27+01:00" level=warning msg="volume \"convoy-ship-a-node\" already exists but was not created by Docker Compose. Use `external: true` to use an existing volume"
 Container convoy-ship-a Running 
 Container convoy-madara-alpha-seed Creating 
 Container convoy-madara-alpha-seed Created 
 Container convoy-ship-a Waiting 
 Container convoy-ship-a Healthy 
 Container convoy-madara-alpha-seed Starting 
 Container convoy-madara-alpha-seed Started 
 Container convoy-madara-alpha-seed Stopping 
 Container convoy-madara-alpha-seed Stopped 
Going to remove convoy-madara-alpha-seed
 Container convoy-madara-alpha-seed Removing 
 Container convoy-madara-alpha-seed Removed 
  alpha genesis seeded ✓
  seeding bravo genesis (--devnet one-shot)...
time="2026-09-25T12:42:35+01:00" level=warning msg="volume \"convoy-ship-a-node\" already exists but was not created by Docker Compose. Use `external: true` to use an existing volume"
 Volume naval-convoy-protection_madara-bravo-data Creating 
 Volume naval-convoy-protection_madara-bravo-data Created 
 Container convoy-ship-a Running 
 Container convoy-madara-bravo-seed Creating 
 Container convoy-madara-bravo-seed Created 
 Container convoy-ship-a Waiting 
 Container convoy-ship-a Healthy 
 Container convoy-madara-bravo-seed Starting 
 Container convoy-madara-bravo-seed Started 
 Container convoy-madara-bravo-seed Stopping 
 Container convoy-madara-bravo-seed Stopped 
Going to remove convoy-madara-bravo-seed
 Container convoy-madara-bravo-seed Removing 
 Container convoy-madara-bravo-seed Removed 
  bravo genesis seeded ✓
 Container convoy-madara-alpha-5 Started 
 Container convoy-madara-alpha-4 Started 
 Container convoy-madara-alpha-3 Started 
  waiting for madara-alpha (sequencer) healthy... ✓
  waiting for madara-bravo (sequencer) healthy... ✓
  waiting for pathfinder-alpha-1 (leader archive) healthy.... ✓
  waiting for pathfinder-bravo-1 (leader archive) healthy... ✓

═══════════════════════════════════════════════════════════════
  [4/4] Dozzle log viewer
═══════════════════════════════════════════════════════════════
 Container convoy-debugger Created 
 Container convoy-debugger Starting 
 Container convoy-debugger Started 
  → http://localhost:8888  (sidebar grouped by drone hardware)

═══════════════════════════════════════════════════════════════
  Stack is up. Suggested next steps:
═══════════════════════════════════════════════════════════════
    ./SIMULATOR/demo/scripts/script2_deploy-l2.sh --swarm both
    ./SIMULATOR/demo/scripts/script3_generate-drone-accounts.sh --swarm both
    ./SIMULATOR/demo/scripts/script4_register-missions.sh --swarm both
    python3 SIMULATOR/demo/scripts/script5_generate-mission.py --scenario both-safe
    for swarm in alpha bravo; do
        for did in 1 2 3 4 5; do
            f=SIMULATOR/demo/scenarios/both-safe/${swarm}_${did}.json
            [ -f "$f" ] && ./SIMULATOR/demo/scripts/script6_submit-telemetry.sh $swarm $did "$f"
        done
    done
    

docker run --rm --network convoy-l1 ghcr.io/foundry-rs/foundry:latest   -c cast call 0x9fE46736679d2D9a65F0992F2272dE9f3c7fa6e0 advanceCount()(uint256) --rpc-url http://ship-a:8545   
  

    

docker run --rm --network convoy-l1 -v convoy-ship-d-key:/key --entrypoint sh ghcr.io/foundry-rs/foundry:latest -c  cast send 0x9fE46736679d2D9a65F0992F2272dE9f3c7fa6e0 advance(uint256,uint256,uint256) 1 2 100 --rpc-url http://ship-a:8545 --private-key $(cat /key/pk) --legacy  
    

=== script2 12:43:00 ===
[deploy-l2] deployer account: 0x055be462e718c4166d656d11f89e341115b8bc82389c3762a10eade04fcb225d (held in relay-ship volumes, not on host)
[deploy-l2] importing deployer key into relay-ship volume convoy-ship-f-key (host never keeps it)
WARNING: setting passwords via --password is generally considered insecure, as they will be stored in your shell history or other log files.

======================================================================
  Deploying convoy_protocol to convoy-madara-alpha  (swarm=alpha)
  RPC: http://convoy-madara-alpha:9944/rpc/v0.8.1
======================================================================
[deploy-l2/alpha] computing class hash...
[deploy-l2/alpha] class_hash: 0x00775f0a4bddb60e82b5cac35784d02370b53ffdb6297c71b9c8c61f238f397f
[deploy-l2/alpha] declaring convoy_protocol...
0x00775f0a4bddb60e82b5cac35784d02370b53ffdb6297c71b9c8c61f238f397f
Transaction 0x01295a1f01660730b039dc6588236bbdf40ac30bcc7ae6f8f3e2765239ad49df confirmed
Class hash declared:
[deploy-l2/alpha] waiting for class 0x00775f0a4bddb60e82b5cac35784d02370b53ffdb6297c71b9c8c61f238f397f to be declared on-chain...
[deploy-l2/alpha] class is declared ✓
[deploy-l2/alpha] deploying contract...
  constructor: l1_commander=0x5FbDB2315678afecb367f032d93F642f64180aa3, l1_verifier=0xe7f1725E7734CE288F8367e1Bb143E90bb3F0512
Waiting for transaction 0x006418be6e8c7076c54095d28fc9cc5cc85934f5100e255250bf6c61958758a9 to confirm...
Transaction not confirmed yet...
0x063ec84054376a876ccf696ebdcbf71a750ae78cce37559839881dc63885e36a
Transaction 0x006418be6e8c7076c54095d28fc9cc5cc85934f5100e255250bf6c61958758a9 confirmed
Contract deployed:
[deploy-l2/alpha] contract_addr: 0x063ec84054376a876ccf696ebdcbf71a750ae78cce37559839881dc63885e36a
[deploy-l2/alpha] wrote SIMULATOR/demo/.tmp-l2/convoy_l2_alpha.env
[deploy-l2/alpha] smoke test: safe_count(0) (expect 0x0)...
[deploy-l2/alpha] smoke OK
[deploy-l2] importing deployer key into relay-ship volume convoy-ship-b-key (host never keeps it)
WARNING: setting passwords via --password is generally considered insecure, as they will be stored in your shell history or other log files.

======================================================================
  Deploying convoy_protocol to convoy-madara-bravo  (swarm=bravo)
  RPC: http://convoy-madara-bravo:9944/rpc/v0.8.1
======================================================================
[deploy-l2/bravo] computing class hash...
[deploy-l2/bravo] class_hash: 0x00775f0a4bddb60e82b5cac35784d02370b53ffdb6297c71b9c8c61f238f397f
[deploy-l2/bravo] declaring convoy_protocol...
0x00775f0a4bddb60e82b5cac35784d02370b53ffdb6297c71b9c8c61f238f397f
Transaction 0x03071af1bbc74ff14701475991ca32376b6442cdb8546fe3b137a09a75d549bc confirmed
Class hash declared:
[deploy-l2/bravo] waiting for class 0x00775f0a4bddb60e82b5cac35784d02370b53ffdb6297c71b9c8c61f238f397f to be declared on-chain...
[deploy-l2/bravo] class is declared ✓
[deploy-l2/bravo] deploying contract...
  constructor: l1_commander=0x5FbDB2315678afecb367f032d93F642f64180aa3, l1_verifier=0xe7f1725E7734CE288F8367e1Bb143E90bb3F0512
Waiting for transaction 0x0710cff6082043bfccbca037828bd26891b11bb1947e0f874c6c9313da5faae2 to confirm...
Transaction not confirmed yet...
Transaction 0x0710cff6082043bfccbca037828bd26891b11bb1947e0f874c6c9313da5faae2 confirmed
Contract deployed:
0x079a8e1529a7dde04e7bebb3d41a703d83dbb3e9dfbf0909631825e74e55bfd9
[deploy-l2/bravo] contract_addr: 0x079a8e1529a7dde04e7bebb3d41a703d83dbb3e9dfbf0909631825e74e55bfd9
[deploy-l2/bravo] wrote SIMULATOR/demo/.tmp-l2/convoy_l2_bravo.env
[deploy-l2/bravo] smoke test: safe_count(0) (expect 0x0)...
[deploy-l2/bravo] smoke OK

[deploy-l2] combined SIMULATOR/demo/.tmp-l2/convoy_l2.env:
CONVOY_PROTOCOL_CLASS_HASH_ALPHA=0x00775f0a4bddb60e82b5cac35784d02370b53ffdb6297c71b9c8c61f238f397f
CONVOY_PROTOCOL_ADDR_ALPHA=0x063ec84054376a876ccf696ebdcbf71a750ae78cce37559839881dc63885e36a
CONVOY_PROTOCOL_CLASS_HASH_BRAVO=0x00775f0a4bddb60e82b5cac35784d02370b53ffdb6297c71b9c8c61f238f397f
CONVOY_PROTOCOL_ADDR_BRAVO=0x079a8e1529a7dde04e7bebb3d41a703d83dbb3e9dfbf0909631825e74e55bfd9
ACCOUNT_ADDR=0x055be462e718c4166d656d11f89e341115b8bc82389c3762a10eade04fcb225d
=== script3 12:49:29 ===

======================================================================
  Minting 5 drone accounts on convoy-madara-alpha
  (deployer: account #1 at 0x055be462e718c4166d656d11f89e341115b8bc82389c3762a10eade04fcb225d)
======================================================================
[mint/alpha/1] deploying drone account...[mint/alpha/1] minting key INSIDE convoy-machine-alpha-1 (host never sees it)
WARNING: setting passwords via --password is generally considered insecure, as they will be stored in your shell history or other log files.
 OK  addr=0x05721956560af1cf0d8207bde37d99474047dceac116e9808c16dd62e1999d65
[mint/alpha/2] deploying drone account...[mint/alpha/2] minting key INSIDE convoy-machine-alpha-2 (host never sees it)
WARNING: setting passwords via --password is generally considered insecure, as they will be stored in your shell history or other log files.
 OK  addr=0x05e99a6ca5febce1f80c5afcaf486dd0f4792e96d1557e17334aa90b049d0dad
[mint/alpha/3] deploying drone account...[mint/alpha/3] minting key INSIDE convoy-machine-alpha-3 (host never sees it)
WARNING: setting passwords via --password is generally considered insecure, as they will be stored in your shell history or other log files.
 OK  addr=0x0344062f1eec5e9fe491c6bfd0efb53d6b58a220a9100c1f459a34d1c42dd892
[mint/alpha/4] deploying drone account...[mint/alpha/4] minting key INSIDE convoy-machine-alpha-4 (host never sees it)
WARNING: setting passwords via --password is generally considered insecure, as they will be stored in your shell history or other log files.
 OK  addr=0x03925d33af7aa89d87c1090373eba8ca8929e1f471a1d0d316376bb33de8c917
[mint/alpha/5] deploying drone account...[mint/alpha/5] minting key INSIDE convoy-machine-alpha-5 (host never sees it)
WARNING: setting passwords via --password is generally considered insecure, as they will be stored in your shell history or other log files.
 OK  addr=0x040b514bda8028d53019688daf2b80291dc1c4a8301b35f66153c62a496a0216

[mint/alpha] wrote SIMULATOR/demo/.tmp-l2/drones-alpha.env
# Generated by generate-drone-accounts.sh — do not commit
# Swarm: alpha    Madara: convoy-madara-alpha

ALPHA_DRONE_1_ADDR=0x05721956560af1cf0d8207bde37d99474047dceac116e9808c16dd62e1999d65
ALPHA_DRONE_1_PUBKEY=0x0216e246aec1c342270b958f3c5773102188cec3d8668ff732b0c63a1fe6b8c5
ALPHA_DRONE_1_KEYSTORE=convoy-machine-alpha-1:/key/keystore.json

ALPHA_DRONE_2_ADDR=0x05e99a6ca5febce1f80c5afcaf486dd0f4792e96d1557e17334aa90b049d0dad
ALPHA_DRONE_2_PUBKEY=0x060b1e2b2fe2e19b13a09016034a339ffc8dab7ba106cbd3e023684e69d9bcbb
ALPHA_DRONE_2_KEYSTORE=convoy-machine-alpha-2:/key/keystore.json

ALPHA_DRONE_3_ADDR=0x0344062f1eec5e9fe491c6bfd0efb53d6b58a220a9100c1f459a34d1c42dd892
ALPHA_DRONE_3_PUBKEY=0x05f830d8f6e94cc472e319ec0d116f21a1d8ae0b6e37b74ea2b3fceeb964ada2
ALPHA_DRONE_3_KEYSTORE=convoy-machine-alpha-3:/key/keystore.json

ALPHA_DRONE_4_ADDR=0x03925d33af7aa89d87c1090373eba8ca8929e1f471a1d0d316376bb33de8c917
ALPHA_DRONE_4_PUBKEY=0x02c0e22e9d09d9cd3502f01fecf36cbe3857106b62812ff8301572221ac21a0b
ALPHA_DRONE_4_KEYSTORE=convoy-machine-alpha-4:/key/keystore.json

ALPHA_DRONE_5_ADDR=0x040b514bda8028d53019688daf2b80291dc1c4a8301b35f66153c62a496a0216
ALPHA_DRONE_5_PUBKEY=0x01394070231156f1ed884f10a9a6c7531f709848aa76dcb1b959e7a2bbb874eb
ALPHA_DRONE_5_KEYSTORE=convoy-machine-alpha-5:/key/keystore.json


[fund/alpha] funding 5 drones with 1000000000000000000 wei STRK + ETH each...
  [1/5] 0x05721956560af1cf0d8207bde37d99474047dceac116e9808c16dd62e1999d65... OK
  [2/5] 0x05e99a6ca5febce1f80c5afcaf486dd0f4792e96d1557e17334aa90b049d0dad... OK
  [3/5] 0x0344062f1eec5e9fe491c6bfd0efb53d6b58a220a9100c1f459a34d1c42dd892... OK
  [4/5] 0x03925d33af7aa89d87c1090373eba8ca8929e1f471a1d0d316376bb33de8c917... OK
  [5/5] 0x040b514bda8028d53019688daf2b80291dc1c4a8301b35f66153c62a496a0216... OK

======================================================================
  Minting 5 drone accounts on convoy-madara-bravo
  (deployer: account #1 at 0x055be462e718c4166d656d11f89e341115b8bc82389c3762a10eade04fcb225d)
======================================================================
[mint/bravo/1] deploying drone account...[mint/bravo/1] minting key INSIDE convoy-machine-bravo-1 (host never sees it)
WARNING: setting passwords via --password is generally considered insecure, as they will be stored in your shell history or other log files.
 OK  addr=0x019f02db230b2b9feebf2e560850fd75cae95712c84fa3fe889740dea09cf11c
[mint/bravo/2] deploying drone account...[mint/bravo/2] minting key INSIDE convoy-machine-bravo-2 (host never sees it)
WARNING: setting passwords via --password is generally considered insecure, as they will be stored in your shell history or other log files.
 OK  addr=0x021d4e95bedde4ada4521ecd7f4e43e0cb48ed44dfa27f0a360c48c827c2771b
[mint/bravo/3] deploying drone account...[mint/bravo/3] minting key INSIDE convoy-machine-bravo-3 (host never sees it)
WARNING: setting passwords via --password is generally considered insecure, as they will be stored in your shell history or other log files.
 OK  addr=0x04dea0787edd22caa003540304e224839aa7190b6a782ed72581ff37b7d04503
[mint/bravo/4] deploying drone account...[mint/bravo/4] minting key INSIDE convoy-machine-bravo-4 (host never sees it)
WARNING: setting passwords via --password is generally considered insecure, as they will be stored in your shell history or other log files.
 OK  addr=0x06ad784401d0ca4e95aba80e2fd1cf0f2d136978c3b40be78ade9e10f2555c40
[mint/bravo/5] deploying drone account...[mint/bravo/5] minting key INSIDE convoy-machine-bravo-5 (host never sees it)
WARNING: setting passwords via --password is generally considered insecure, as they will be stored in your shell history or other log files.
 OK  addr=0x047083fe4c5a5e1026ade8b93670c9a2688a976b6fc11dcce21a0b28fb63de00

[mint/bravo] wrote SIMULATOR/demo/.tmp-l2/drones-bravo.env
# Generated by generate-drone-accounts.sh — do not commit
# Swarm: bravo    Madara: convoy-madara-bravo

BRAVO_DRONE_1_ADDR=0x019f02db230b2b9feebf2e560850fd75cae95712c84fa3fe889740dea09cf11c
BRAVO_DRONE_1_PUBKEY=0x03d5b48082fc24e5fa35d8db82f8d113f98e87b53045df2112f8bd33ac566ca8
BRAVO_DRONE_1_KEYSTORE=convoy-machine-bravo-1:/key/keystore.json

BRAVO_DRONE_2_ADDR=0x021d4e95bedde4ada4521ecd7f4e43e0cb48ed44dfa27f0a360c48c827c2771b
BRAVO_DRONE_2_PUBKEY=0x07dcb3f1dfc292dd3760f5697aaa12e8d82648b5b9ac95d07c128d75cabd0903
BRAVO_DRONE_2_KEYSTORE=convoy-machine-bravo-2:/key/keystore.json

BRAVO_DRONE_3_ADDR=0x04dea0787edd22caa003540304e224839aa7190b6a782ed72581ff37b7d04503
BRAVO_DRONE_3_PUBKEY=0x04f49ad17a82e63d7d2d5ff8ff9cc15342aff6e8909cd69e81e8a73b2d4168af
BRAVO_DRONE_3_KEYSTORE=convoy-machine-bravo-3:/key/keystore.json

BRAVO_DRONE_4_ADDR=0x06ad784401d0ca4e95aba80e2fd1cf0f2d136978c3b40be78ade9e10f2555c40
BRAVO_DRONE_4_PUBKEY=0x013238444e4e9ebf83c2b97dc4eb7929b107e7f182a0c26ba8d08f99770beb49
BRAVO_DRONE_4_KEYSTORE=convoy-machine-bravo-4:/key/keystore.json

BRAVO_DRONE_5_ADDR=0x047083fe4c5a5e1026ade8b93670c9a2688a976b6fc11dcce21a0b28fb63de00
BRAVO_DRONE_5_PUBKEY=0x0078a0175ea4b741adeaaa1dcd5d441786c4f0b84290b60da108a661ee4195e0
BRAVO_DRONE_5_KEYSTORE=convoy-machine-bravo-5:/key/keystore.json


[fund/bravo] funding 5 drones with 1000000000000000000 wei STRK + ETH each...
  [1/5] 0x019f02db230b2b9feebf2e560850fd75cae95712c84fa3fe889740dea09cf11c... OK
  [2/5] 0x021d4e95bedde4ada4521ecd7f4e43e0cb48ed44dfa27f0a360c48c827c2771b... OK
  [3/5] 0x04dea0787edd22caa003540304e224839aa7190b6a782ed72581ff37b7d04503... OK
  [4/5] 0x06ad784401d0ca4e95aba80e2fd1cf0f2d136978c3b40be78ade9e10f2555c40... OK
  [5/5] 0x047083fe4c5a5e1026ade8b93670c9a2688a976b6fc11dcce21a0b28fb63de00... OK
=== script4 12:53:38 ===

[register/alpha] mission 1 on Registry 0x5FbDB2315678afecb367f032d93F642f64180aa3
[register/alpha]   convoy_protocol L2 addr: 0x063ec84054376a876ccf696ebdcbf71a750ae78cce37559839881dc63885e36a
[register/alpha]   drones: 0x05721956560af1cf0d8207bde37d99474047dceac116e9808c16dd62e1999d65 0x05e99a6ca5febce1f80c5afcaf486dd0f4792e96d1557e17334aa90b049d0dad 0x0344062f1eec5e9fe491c6bfd0efb53d6b58a220a9100c1f459a34d1c42dd892 0x03925d33af7aa89d87c1090373eba8ca8929e1f471a1d0d316376bb33de8c917 0x040b514bda8028d53019688daf2b80291dc1c4a8301b35f66153c62a496a0216
[register/alpha] step 1a: Registry.setConvoyProtocolL2(1, 0x063ec84054376a876ccf696ebdcbf71a750ae78cce37559839881dc63885e36a)
blobGasPrice         
blobGasUsed          
to                   0x5FbDB2315678afecb367f032d93F642f64180aa3
[register/alpha] step 2: Registry.deploy(1, spec, drones, 1700000000)
[register/alpha]   → also fires the real Starknet core sendMessageToL2(...) → L1→L2 open_mission
blobGasPrice         
blobGasUsed          
to                   0x5FbDB2315678afecb367f032d93F642f64180aa3
[register/alpha] step 3: registering drone pubkeys on Verifier 0xe7f1725E7734CE288F8367e1Bb143E90bb3F0512
[register/alpha]   drone 1 → 0x0216e246aec1c342270b958f3c5773102188cec3d8668ff732b0c63a1fe6b8c5
blobGasUsed          
to                   0xe7f1725E7734CE288F8367e1Bb143E90bb3F0512
[register/alpha]   drone 2 → 0x060b1e2b2fe2e19b13a09016034a339ffc8dab7ba106cbd3e023684e69d9bcbb
blobGasUsed          
to                   0xe7f1725E7734CE288F8367e1Bb143E90bb3F0512
[register/alpha]   drone 3 → 0x05f830d8f6e94cc472e319ec0d116f21a1d8ae0b6e37b74ea2b3fceeb964ada2
blobGasUsed          
to                   0xe7f1725E7734CE288F8367e1Bb143E90bb3F0512
[register/alpha]   drone 4 → 0x02c0e22e9d09d9cd3502f01fecf36cbe3857106b62812ff8301572221ac21a0b
blobGasUsed          
to                   0xe7f1725E7734CE288F8367e1Bb143E90bb3F0512
[register/alpha]   drone 5 → 0x01394070231156f1ed884f10a9a6c7531f709848aa76dcb1b959e7a2bbb874eb
blobGasUsed          
to                   0xe7f1725E7734CE288F8367e1Bb143E90bb3F0512
[register/alpha] step 4: setSwarmProgram(1, <program hash>)
[register/alpha]   program hash: 0x0778bbf9de5c153551004967ff683b78790cde2086ed4de279e5e46f261bc99a
blobGasUsed          
to                   0xe7f1725E7734CE288F8367e1Bb143E90bb3F0512
[register/alpha] OK

[register/bravo] mission 2 on Registry 0x5FbDB2315678afecb367f032d93F642f64180aa3
[register/bravo]   convoy_protocol L2 addr: 0x079a8e1529a7dde04e7bebb3d41a703d83dbb3e9dfbf0909631825e74e55bfd9
[register/bravo]   drones: 0x019f02db230b2b9feebf2e560850fd75cae95712c84fa3fe889740dea09cf11c 0x021d4e95bedde4ada4521ecd7f4e43e0cb48ed44dfa27f0a360c48c827c2771b 0x04dea0787edd22caa003540304e224839aa7190b6a782ed72581ff37b7d04503 0x06ad784401d0ca4e95aba80e2fd1cf0f2d136978c3b40be78ade9e10f2555c40 0x047083fe4c5a5e1026ade8b93670c9a2688a976b6fc11dcce21a0b28fb63de00
[register/bravo] step 1a: Registry.setConvoyProtocolL2(2, 0x079a8e1529a7dde04e7bebb3d41a703d83dbb3e9dfbf0909631825e74e55bfd9)
blobGasPrice         
blobGasUsed          
to                   0x5FbDB2315678afecb367f032d93F642f64180aa3
[register/bravo] step 2: Registry.deploy(2, spec, drones, 1700000000)
[register/bravo]   → also fires the real Starknet core sendMessageToL2(...) → L1→L2 open_mission
blobGasPrice         
blobGasUsed          
to                   0x5FbDB2315678afecb367f032d93F642f64180aa3
[register/bravo] step 3: registering drone pubkeys on Verifier 0xe7f1725E7734CE288F8367e1Bb143E90bb3F0512
[register/bravo]   drone 1 → 0x03d5b48082fc24e5fa35d8db82f8d113f98e87b53045df2112f8bd33ac566ca8
blobGasUsed          
to                   0xe7f1725E7734CE288F8367e1Bb143E90bb3F0512
[register/bravo]   drone 2 → 0x07dcb3f1dfc292dd3760f5697aaa12e8d82648b5b9ac95d07c128d75cabd0903
blobGasUsed          
to                   0xe7f1725E7734CE288F8367e1Bb143E90bb3F0512
[register/bravo]   drone 3 → 0x04f49ad17a82e63d7d2d5ff8ff9cc15342aff6e8909cd69e81e8a73b2d4168af
blobGasUsed          
to                   0xe7f1725E7734CE288F8367e1Bb143E90bb3F0512
[register/bravo]   drone 4 → 0x013238444e4e9ebf83c2b97dc4eb7929b107e7f182a0c26ba8d08f99770beb49
blobGasUsed          
to                   0xe7f1725E7734CE288F8367e1Bb143E90bb3F0512
[register/bravo]   drone 5 → 0x0078a0175ea4b741adeaaa1dcd5d441786c4f0b84290b60da108a661ee4195e0
blobGasUsed          
to                   0xe7f1725E7734CE288F8367e1Bb143E90bb3F0512
[register/bravo] step 4: setSwarmProgram(2, <program hash>)
[register/bravo]   program hash: 0x0198ddb59ff58f22ffd187841703f4c2158838239f4ad7e44586f6573f66357e
blobGasUsed          
to                   0xe7f1725E7734CE288F8367e1Bb143E90bb3F0512
[register/bravo] OK
[register] missions anchored on L1 + L1→L2 open_mission sent through the real Starknet core
[register] both swarms auto-consume open_mission via their own core (--sequencer L1 sync)
[submit/alpha/1] signing telemetry commitment in convoy-machine-alpha-1...

[submit/alpha/1] submitting telemetry
  mission_id:  1
  drone_id:    1
  contract:    0x063ec84054376a876ccf696ebdcbf71a750ae78cce37559839881dc63885e36a
  RPC:         http://convoy-madara-alpha:9944/rpc/v0.8.1
  cells_file:  SIMULATOR/demo/scenarios/both-safe/alpha_1.json

WARNING: setting keystore passwords via --password or env var is generally considered insecure, as they might be stored in your shell history or other log files.
WARNING: the JSON-RPC endpoint you're using serves specs 0.8.1, which might be incompatible with the version 0.8.0 supported by this Starkli release for the `starknet_estimateFee` method. You might encounter errors.
Invoke transaction: 0x06b388c70ed10fc59917eaafd7b97993d5daf014ef9fbbfb4b90cd79c3c107d1
Waiting for transaction 0x06b388c70ed10fc59917eaafd7b97993d5daf014ef9fbbfb4b90cd79c3c107d1 to confirm...
Transaction not confirmed yet...
Transaction 0x06b388c70ed10fc59917eaafd7b97993d5daf014ef9fbbfb4b90cd79c3c107d1 confirmed
[submit/alpha/2] signing telemetry commitment in convoy-machine-alpha-2...

[submit/alpha/2] submitting telemetry
  mission_id:  1
  drone_id:    2
  contract:    0x063ec84054376a876ccf696ebdcbf71a750ae78cce37559839881dc63885e36a
  RPC:         http://convoy-madara-alpha:9944/rpc/v0.8.1
  cells_file:  SIMULATOR/demo/scenarios/both-safe/alpha_2.json

WARNING: setting keystore passwords via --password or env var is generally considered insecure, as they might be stored in your shell history or other log files.
WARNING: the JSON-RPC endpoint you're using serves specs 0.8.1, which might be incompatible with the version 0.8.0 supported by this Starkli release for the `starknet_estimateFee` method. You might encounter errors.
Invoke transaction: 0x006ebd75a98d754190c42adffbf5f46d258bce3a080055a8ab39842647bd81e6
Waiting for transaction 0x006ebd75a98d754190c42adffbf5f46d258bce3a080055a8ab39842647bd81e6 to confirm...
Transaction not confirmed yet...
Transaction 0x006ebd75a98d754190c42adffbf5f46d258bce3a080055a8ab39842647bd81e6 confirmed
[submit/alpha/3] signing telemetry commitment in convoy-machine-alpha-3...

[submit/alpha/3] submitting telemetry
  mission_id:  1
  drone_id:    3
  contract:    0x063ec84054376a876ccf696ebdcbf71a750ae78cce37559839881dc63885e36a
  RPC:         http://convoy-madara-alpha:9944/rpc/v0.8.1
  cells_file:  SIMULATOR/demo/scenarios/both-safe/alpha_3.json

WARNING: setting keystore passwords via --password or env var is generally considered insecure, as they might be stored in your shell history or other log files.
WARNING: the JSON-RPC endpoint you're using serves specs 0.8.1, which might be incompatible with the version 0.8.0 supported by this Starkli release for the `starknet_estimateFee` method. You might encounter errors.
Invoke transaction: 0x036f14e5c676d09dbf828a9f31da2e95c99dabfd91deaeab23799150770959f4
Waiting for transaction 0x036f14e5c676d09dbf828a9f31da2e95c99dabfd91deaeab23799150770959f4 to confirm...
Transaction not confirmed yet...
Transaction 0x036f14e5c676d09dbf828a9f31da2e95c99dabfd91deaeab23799150770959f4 confirmed
[submit/alpha/4] signing telemetry commitment in convoy-machine-alpha-4...

[submit/alpha/4] submitting telemetry
  mission_id:  1
  drone_id:    4
  contract:    0x063ec84054376a876ccf696ebdcbf71a750ae78cce37559839881dc63885e36a
  RPC:         http://convoy-madara-alpha:9944/rpc/v0.8.1
  cells_file:  SIMULATOR/demo/scenarios/both-safe/alpha_4.json

WARNING: setting keystore passwords via --password or env var is generally considered insecure, as they might be stored in your shell history or other log files.
WARNING: the JSON-RPC endpoint you're using serves specs 0.8.1, which might be incompatible with the version 0.8.0 supported by this Starkli release for the `starknet_estimateFee` method. You might encounter errors.
Invoke transaction: 0x06b22ecfcaa535db5df0647ce38db8db142dbdb13c9841cd45ef4b436ac87ec0
Waiting for transaction 0x06b22ecfcaa535db5df0647ce38db8db142dbdb13c9841cd45ef4b436ac87ec0 to confirm...
Transaction not confirmed yet...
Transaction 0x06b22ecfcaa535db5df0647ce38db8db142dbdb13c9841cd45ef4b436ac87ec0 confirmed
[submit/alpha/5] signing telemetry commitment in convoy-machine-alpha-5...

[submit/alpha/5] submitting telemetry
  mission_id:  1
  drone_id:    5
  contract:    0x063ec84054376a876ccf696ebdcbf71a750ae78cce37559839881dc63885e36a
  RPC:         http://convoy-madara-alpha:9944/rpc/v0.8.1
  cells_file:  SIMULATOR/demo/scenarios/both-safe/alpha_5.json

WARNING: setting keystore passwords via --password or env var is generally considered insecure, as they might be stored in your shell history or other log files.
WARNING: the JSON-RPC endpoint you're using serves specs 0.8.1, which might be incompatible with the version 0.8.0 supported by this Starkli release for the `starknet_estimateFee` method. You might encounter errors.
Invoke transaction: 0x00a6199e32a4715fee0c306dce6d462afeb139d9e14df4f7278077c3a4b4349f
Waiting for transaction 0x00a6199e32a4715fee0c306dce6d462afeb139d9e14df4f7278077c3a4b4349f to confirm...
Transaction not confirmed yet...
Transaction 0x00a6199e32a4715fee0c306dce6d462afeb139d9e14df4f7278077c3a4b4349f confirmed
[submit/bravo/1] signing telemetry commitment in convoy-machine-bravo-1...

[submit/bravo/1] submitting telemetry
  mission_id:  2
  drone_id:    1
  contract:    0x079a8e1529a7dde04e7bebb3d41a703d83dbb3e9dfbf0909631825e74e55bfd9
  RPC:         http://convoy-madara-bravo:9944/rpc/v0.8.1
  cells_file:  SIMULATOR/demo/scenarios/both-safe/bravo_1.json

WARNING: setting keystore passwords via --password or env var is generally considered insecure, as they might be stored in your shell history or other log files.
WARNING: the JSON-RPC endpoint you're using serves specs 0.8.1, which might be incompatible with the version 0.8.0 supported by this Starkli release for the `starknet_estimateFee` method. You might encounter errors.
Invoke transaction: 0x0290570097152ae70bae10d11e7d68e13e410ec972742728c8197b72f1f08ad8
Waiting for transaction 0x0290570097152ae70bae10d11e7d68e13e410ec972742728c8197b72f1f08ad8 to confirm...
Transaction not confirmed yet...
Transaction 0x0290570097152ae70bae10d11e7d68e13e410ec972742728c8197b72f1f08ad8 confirmed
[submit/bravo/2] signing telemetry commitment in convoy-machine-bravo-2...

[submit/bravo/2] submitting telemetry
  mission_id:  2
  drone_id:    2
  contract:    0x079a8e1529a7dde04e7bebb3d41a703d83dbb3e9dfbf0909631825e74e55bfd9
  RPC:         http://convoy-madara-bravo:9944/rpc/v0.8.1
  cells_file:  SIMULATOR/demo/scenarios/both-safe/bravo_2.json

WARNING: setting keystore passwords via --password or env var is generally considered insecure, as they might be stored in your shell history or other log files.
WARNING: the JSON-RPC endpoint you're using serves specs 0.8.1, which might be incompatible with the version 0.8.0 supported by this Starkli release for the `starknet_estimateFee` method. You might encounter errors.
Invoke transaction: 0x05276a9792a8cb14bc1825672187458d553666d581742e0933aaf262bb1a6e37
Waiting for transaction 0x05276a9792a8cb14bc1825672187458d553666d581742e0933aaf262bb1a6e37 to confirm...
Transaction not confirmed yet...
Transaction 0x05276a9792a8cb14bc1825672187458d553666d581742e0933aaf262bb1a6e37 confirmed
[submit/bravo/3] signing telemetry commitment in convoy-machine-bravo-3...

[submit/bravo/3] submitting telemetry
  mission_id:  2
  drone_id:    3
  contract:    0x079a8e1529a7dde04e7bebb3d41a703d83dbb3e9dfbf0909631825e74e55bfd9
  RPC:         http://convoy-madara-bravo:9944/rpc/v0.8.1
  cells_file:  SIMULATOR/demo/scenarios/both-safe/bravo_3.json

WARNING: setting keystore passwords via --password or env var is generally considered insecure, as they might be stored in your shell history or other log files.
WARNING: the JSON-RPC endpoint you're using serves specs 0.8.1, which might be incompatible with the version 0.8.0 supported by this Starkli release for the `starknet_estimateFee` method. You might encounter errors.
Invoke transaction: 0x013018db8139902a36b328a6175e501fae551951e06df806272f61a22c9c7cbe
Waiting for transaction 0x013018db8139902a36b328a6175e501fae551951e06df806272f61a22c9c7cbe to confirm...
Transaction not confirmed yet...
Transaction 0x013018db8139902a36b328a6175e501fae551951e06df806272f61a22c9c7cbe confirmed
[submit/bravo/4] signing telemetry commitment in convoy-machine-bravo-4...

[submit/bravo/4] submitting telemetry
  mission_id:  2
  drone_id:    4
  contract:    0x079a8e1529a7dde04e7bebb3d41a703d83dbb3e9dfbf0909631825e74e55bfd9
  RPC:         http://convoy-madara-bravo:9944/rpc/v0.8.1
  cells_file:  SIMULATOR/demo/scenarios/both-safe/bravo_4.json

WARNING: setting keystore passwords via --password or env var is generally considered insecure, as they might be stored in your shell history or other log files.
WARNING: the JSON-RPC endpoint you're using serves specs 0.8.1, which might be incompatible with the version 0.8.0 supported by this Starkli release for the `starknet_estimateFee` method. You might encounter errors.
Invoke transaction: 0x059b28d9564ada30b9fdf259a488cff04a1082ed73bfcda145198f21699e8ad6
Waiting for transaction 0x059b28d9564ada30b9fdf259a488cff04a1082ed73bfcda145198f21699e8ad6 to confirm...
Transaction not confirmed yet...
Transaction 0x059b28d9564ada30b9fdf259a488cff04a1082ed73bfcda145198f21699e8ad6 confirmed
[submit/bravo/5] signing telemetry commitment in convoy-machine-bravo-5...

[submit/bravo/5] submitting telemetry
  mission_id:  2
  drone_id:    5
  contract:    0x079a8e1529a7dde04e7bebb3d41a703d83dbb3e9dfbf0909631825e74e55bfd9
  RPC:         http://convoy-madara-bravo:9944/rpc/v0.8.1
  cells_file:  SIMULATOR/demo/scenarios/both-safe/bravo_5.json

WARNING: setting keystore passwords via --password or env var is generally considered insecure, as they might be stored in your shell history or other log files.
WARNING: the JSON-RPC endpoint you're using serves specs 0.8.1, which might be incompatible with the version 0.8.0 supported by this Starkli release for the `starknet_estimateFee` method. You might encounter errors.
Invoke transaction: 0x07ac5bfd2594e6990bf7752e279f00ab48dd67f13edb4fd9de01a98e46e74db2
Waiting for transaction 0x07ac5bfd2594e6990bf7752e279f00ab48dd67f13edb4fd9de01a98e46e74db2 to confirm...
Transaction not confirmed yet...
Transaction 0x07ac5bfd2594e6990bf7752e279f00ab48dd67f13edb4fd9de01a98e46e74db2 confirmed
