Henri@henryjr MINGW64 ~/Desktop/Mestrado/naval-convoy-protection (besu-migration)
$ docker build -t convoy-cairo-builder PROOF/cairo-builder/
[+] Building 246.2s (17/17) FINISHED                                                     docker:desktop-linux
 => [internal] load build definition from Dockerfile                                                     0.1s
 => => transferring dockerfile: 3.32kB                                                                   0.1s
 => [internal] load metadata for docker.io/library/ubuntu:22.04                                          2.9s
 => [internal] load .dockerignore                                                                        0.5s
 => => transferring context: 2B                                                                          0.0s
 => [ 1/12] FROM docker.io/library/ubuntu:22.04@sha256:829f6df217bcbae2b371026e81711d1a787c61b2967ad09d  6.2s
 => => resolve docker.io/library/ubuntu:22.04@sha256:829f6df217bcbae2b371026e81711d1a787c61b2967ad09d01  0.8s
 => => sha256:20c3783cc497b5b0df1fc5f92bd64c3d2fbb24057c88692c8fda205b6ea8a2f2 29.75MB / 29.75MB         4.6s
 => => extracting sha256:20c3783cc497b5b0df1fc5f92bd64c3d2fbb24057c88692c8fda205b6ea8a2f2                0.7s
 => [internal] load build context                                                                        0.1s
 => => transferring context: 1.48kB                                                                      0.0s
 => [ 2/12] RUN apt-get update && apt-get install -y --no-install-recommends         curl ca-certifica  43.9s
 => [ 3/12] RUN curl --proto '=https' --tlsv1.2 -sSf https://sh.rustup.rs | sh -s -- -y --default-tool  28.2s 
 => [ 4/12] RUN cargo install --git https://github.com/starkware-libs/cairo --tag v2.12.3 starknet-sie  81.2s 
 => [ 5/12] RUN ln -s /root/.cargo/bin/starknet-sierra-compile /usr/local/bin/starknet-sierra-compile &  0.3s 
 => [ 6/12] COPY compute-casm-hash /tmp/compute-casm-hash                                                0.1s 
 => [ 7/12] RUN cd /tmp/compute-casm-hash && cargo install --path . --locked                            45.3s 
 => [ 8/12] RUN ln -s /root/.cargo/bin/compute-casm-hash /usr/local/bin/compute-casm-hash                0.3s 
 => [ 9/12] RUN curl --proto '=https' --tlsv1.2 -sSf https://docs.swmansion.com/scarb/install.sh     |   8.0s 
 => [10/12] RUN curl https://get.starkli.sh | sh                                                         1.4s 
 => [11/12] RUN /bin/bash -c "source /root/.starkli/env && starkliup -v 0.4.2"                           2.5s 
 => [12/12] WORKDIR /work                                                                                0.1s 
 => exporting to image                                                                                  25.2s 
 => => exporting layers                                                                                 16.8s 
 => => exporting manifest sha256:849ff748469d42346da8c43f478125bfd7323697617b4ce4653433bea2ff9a92        0.0s 
 => => exporting config sha256:9a1c89379dca9d6327c5aed3cafae08f7cad8c3ba277da7b0068cee18a2d4632          0.0s 
 => => exporting attestation manifest sha256:3a3119a0f11479a6034a2981f315601d3187dccb65b310e8d401d76e7e  0.0s
 => => exporting manifest list sha256:9921f4653e1ca5b695b4da30064a8799d6e6bc4699a25690006ca7d4c2982c1d   0.0s
 => => naming to docker.io/library/convoy-cairo-builder:latest                                           0.0s
 => => unpacking to docker.io/library/convoy-cairo-builder:latest                                        8.3s

View build details: docker-desktop://dashboard/build/desktop-linux/desktop-linux/z5mj2h2zbiagzv6mznp47lar2

Henri@henryjr MINGW64 ~/Desktop/Mestrado/naval-convoy-protection (besu-migration)
$ docker build -t convoy-prover-api:latest -f PROOF/prover-api/Dockerfile .
[+] Building 479.4s (19/32)                                                              docker:desktop-linux
 => => extracting sha256:94b9ed0713840a284100e368adfdffd34e6ff581cf29aac352a543e650e7ca78                2.0s
 => [internal] load build context                                                                       51.3s
 => => transferring context: 1.19GB                                                                     51.2s
 => [stage-3  2/16] RUN curl -L https://foundry.paradigm.xyz | bash || true                             11.2s
 => [stage-3  3/16] RUN /root/.foundry/bin/foundryup -i stable &&     /root/.foundry/bin/cast --versio  59.3s
 => [stage-3  4/16] RUN pip3 install --no-cache-dir eth-utils                                            1.1s
 => [convoy-submitter-builder 2/9] WORKDIR /build                                                        0.3s
 => [stone-cli-builder 2/3] RUN apt-get update && apt-get install -y --no-install-recommends         p  19.8s
 => [convoy-submitter-builder 3/9] RUN apt-get update && apt-get install -y --no-install-recommends     11.4s
 => [convoy-submitter-builder 4/9] COPY PROOF/vendor/stark-evm-adapter/  /build/PROOF/vendor/stark-evm-  0.1s
[+] Building 479.6s (19/32)                                                              docker:desktop-linux
 => => extracting sha256:94b9ed0713840a284100e368adfdffd34e6ff581cf29aac352a543e650e7ca78                2.0s
 => [internal] load build context                                                                       51.3s
 => => transferring context: 1.19GB                                                                     51.2s
 => [stage-3  2/16] RUN curl -L https://foundry.paradigm.xyz | bash || true                             11.2s
 => [stage-3  3/16] RUN /root/.foundry/bin/foundryup -i stable &&     /root/.foundry/bin/cast --versio  59.3s
 => [stage-3  4/16] RUN pip3 install --no-cache-dir eth-utils                                            1.1s
 => [convoy-submitter-builder 2/9] WORKDIR /build                                                        0.3s
 => [stone-cli-builder 2/3] RUN apt-get update && apt-get install -y --no-install-recommends         p  19.8s
 => [convoy-submitter-builder 3/9] RUN apt-get update && apt-get install -y --no-install-recommends     11.4s
 => [convoy-submitter-builder 4/9] COPY PROOF/vendor/stark-evm-adapter/  /build/PROOF/vendor/stark-evm-  0.1s
[+] Building 479.7s (19/32)                                                              docker:desktop-linux
 => => extracting sha256:94b9ed0713840a284100e368adfdffd34e6ff581cf29aac352a543e650e7ca78                2.0s
 => [internal] load build context                                                                       51.3s
 => => transferring context: 1.19GB                                                                     51.2s
 => [stage-3  2/16] RUN curl -L https://foundry.paradigm.xyz | bash || true                             11.2s
 => [stage-3  3/16] RUN /root/.foundry/bin/foundryup -i stable &&     /root/.foundry/bin/cast --versio  59.3s
 => [stage-3  4/16] RUN pip3 install --no-cache-dir eth-utils                                            1.1s
 => [convoy-submitter-builder 2/9] WORKDIR /build                                                        0.3s
 => [stone-cli-builder 2/3] RUN apt-get update && apt-get install -y --no-install-recommends         p  19.8s
 => [convoy-submitter-builder 3/9] RUN apt-get update && apt-get install -y --no-install-recommends     11.4s
 => [convoy-submitter-builder 4/9] COPY PROOF/vendor/stark-evm-adapter/  /build/PROOF/vendor/stark-evm-  0.1s
[+] Building 479.9s (19/32)                                                              docker:desktop-linux
 => => extracting sha256:94b9ed0713840a284100e368adfdffd34e6ff581cf29aac352a543e650e7ca78                2.0s
 => [internal] load build context                                                                       51.3s
 => => transferring context: 1.19GB                                                                     51.2s
 => [stage-3  2/16] RUN curl -L https://foundry.paradigm.xyz | bash || true                             11.2s
 => [stage-3  3/16] RUN /root/.foundry/bin/foundryup -i stable &&     /root/.foundry/bin/cast --versio  59.3s
 => [stage-3  4/16] RUN pip3 install --no-cache-dir eth-utils                                            1.1s
 => [convoy-submitter-builder 2/9] WORKDIR /build                                                        0.3s
 => [stone-cli-builder 2/3] RUN apt-get update && apt-get install -y --no-install-recommends         p  19.8s
 => [convoy-submitter-builder 3/9] RUN apt-get update && apt-get install -y --no-install-recommends     11.4s
 => [convoy-submitter-builder 4/9] COPY PROOF/vendor/stark-evm-adapter/  /build/PROOF/vendor/stark-evm-  0.1s
[+] Building 480.1s (19/32)                                                              docker:desktop-linux
 => [convoy-submitter-builder 6/9] WORKDIR /build/PROOF/submitter                                        0.1s
 => [convoy-submitter-builder 7/9] RUN cargo build --release                                           173.6s
 => [stone-cli-builder 3/3] RUN cargo install --locked --git https://github.com/zksecurity/stone-cli   210.7s
 => => #    Compiling swiftness_air v0.1.2 (https://github.com/zksecurity/integrity-calldata-generator?rev=6f
 => => # 2dd268274e40e5ea75e2f17aff6b8e53f8f499#6f2dd268)                                                    
 => => #    Compiling cairo-lang-compiler v2.12.0-dev.0                                                      
 => => #    Compiling ethers-addressbook v2.0.14                                                             
 => => #    Compiling atty v0.2.14                                                                           
 => => #    Compiling textwrap v0.16.1                                                                       
 => [convoy-submitter-builder 8/9] RUN cp target/release/convoy-submitter /usr/local/bin/convoy-submitt  1.6s
[+] Building 600.2s (33/33) FINISHED                                                     docker:desktop-linux
 => [internal] load build definition from Dockerfile                                                     0.0s 
 => => transferring dockerfile: 6.75kB                                                                   0.0s 
 => [internal] load metadata for ghcr.io/henriquejdribeiro/vg-prover-api-patched:latest                  3.4s 
 => [internal] load metadata for docker.io/library/rust:1.88-bookworm                                    3.3s 
 => [internal] load .dockerignore                                                                        0.1s 
 => => transferring context: 2B                                                                          0.0s 
 => [stage-3  1/16] FROM ghcr.io/henriquejdribeiro/vg-prover-api-patched:latest@sha256:48e2bde92de4dc  105.0s 
 => => resolve ghcr.io/henriquejdribeiro/vg-prover-api-patched:latest@sha256:48e2bde92de4dcb25274161ebf  0.1s 
 => => sha256:4f4fb700ef54461cfa02571ae0db9a0dc1e0cdb5577484a6d75e68dc38e8acc1 32B / 32B                 0.7s 
 => => sha256:d6034cbd3e1993c02e599a624eb32b06e242d3695f0e30e022a053d5bd7baa5b 2.44kB / 2.44kB           0.9s 
 => => sha256:8e92f7488a84908df9ab9e22b08eb403b920acf1e269bdaa8eff8df62f8bfe0a 1.46kB / 1.46kB           1.2s 
 => => sha256:e7f1cf238ca89639cbe96987d8ffdfc37a1b8d45c7c94449e6f8a8ec2de7526a 1.60kB / 1.60kB           1.2s
 => => sha256:e9cedd56cda8012a7927f91cf32a62f983c4106a41d084ea5abb0bf609c61650 1.63kB / 1.63kB           0.6s
 => => sha256:ac66b10d3f096a9bcc606c56f979a33d6c43de2b2b3b99d5b84765edb65c9959 25.84MB / 25.84MB        20.5s
 => => sha256:6ac8604968ee3f185103685cd221fb6b0df163f8c53ea05feb07e05600497fe1 776B / 776B               0.6s
 => => sha256:ca41ad05ec71eb489dd74628a46e3ad9098e3a1af76762abe947ec2d38ae674e 2.02kB / 2.02kB           0.6s
 => => sha256:c2aaabbbd7033b9e37d782ecf0c490ef3428fc9b486598c1418f0eba1b2c8de4 25.81MB / 25.81MB        16.8s
 => => sha256:be54d8c33e020ffcb39ca6cf2236b13c67d7e308722e4b5de8a96c24e786ca05 1.73kB / 1.73kB           0.6s
 => => sha256:258458b47323ee4a3ca57408b3a653c6af3204cda8d6631a08c0220325cad74e 1.72kB / 1.72kB           0.6s
 => => sha256:4e0f91f02c8cec41390e444608c494d0e0e1b52f168d143c03fdbeeb6197960d 1.65kB / 1.65kB           0.7s
 => => sha256:2f399dad7322b5980fd17879e705be62aab21147d9b103913e6793d8f99be94d 2.03kB / 2.03kB           0.7s
 => => sha256:fbbdea784b9ebe14aea6f8b8de75a2e8267d479a154251c2be99d7c624a85f90 2.02kB / 2.02kB           0.6s
 => => sha256:57e2b75f7bf2cb85022c52a9cb266855b612cc9a8d17c6facaf875f797daa4b7 1.59kB / 1.59kB           0.5s
 => => sha256:ac074663861758cf63e9cdfbd132af3510a9084b734c1bf995dfc7644c791577 25.81MB / 25.81MB        33.7s
 => => sha256:08ff4b2b7490e92c9f81de980c2e0a0e0efce68ed30f9db9e714c75efd43caae 1.92kB / 1.92kB           0.7s
 => => sha256:ce1275337fe2036f648954449c760b732216738073d74dec6d815d89f2148eeb 1.83kB / 1.83kB           0.7s
 => => sha256:5ab227729439af0bbdb719c3f24aac10ca7b98dbbf52e6297bcd50e2ad559533 1.61MB / 1.61MB           4.8s
 => => sha256:bf921bb70ab20fb656ceec3bdcb5f7020b66c2e59cff339f0491318faf798780 3.02kB / 3.02kB           1.0s
 => => sha256:4a8f0d332c2bf6ed9a8d884c97c4e4383705db12ef988c5094a68ddcd2e9f17e 664B / 664B               1.6s
 => => sha256:2b7d7c40022f698fcce5c1d3bc4f4ed2cd9e9a396a6e0b7ad7126acd6dccc302 642B / 642B               1.1s
 => => sha256:20683772cd37a28cb95fb3a43c4defa4f76886b6c4e7572aba690f8857900188 1.80kB / 1.80kB           1.0s
 => => sha256:efa4fee6c3482d6eff63642730e9f574de8bf10f9033c69cb99ddcf9883c2b8c 1.38kB / 1.38kB           1.2s
 => => sha256:7562e07663938e8954c2f2b874ffcf23598ebdee515f92e0929501360dba0aee 114B / 114B               1.3s
 => => sha256:83143e35e63c00902cb95e7d6ae524020f368becbb71240e8c8cf19aafd2cd57 1.95kB / 1.95kB           1.5s
 => => sha256:abfe1b9efcaaf27b6a6b5f92120da88bb1381639294e9ac2a99668c07f343bcb 1.38kB / 1.38kB           0.9s
 => => sha256:9e56881ac54e7f9385b29cd9b447b58cc5d47ac16f2fe3025274a4484d0fde98 130B / 130B               1.0s
 => => sha256:2d6950d84c5c172407641a2dd587ac0b10ea8449be87c0e7285829da687a82c1 643B / 643B               1.1s
 => => sha256:8bd7bdb15291cd680a37df90ceed9b58ab5d1a0b006e68e066884d05851baa4d 369B / 369B               1.3s
 => => sha256:423059cfd76b3de64d41648212e41fae51319bbd47f49e0c7ecbfcb2ec8fba3b 556.48kB / 556.48kB       2.7s
 => => sha256:635b23a30fd7ff011feb4e016d59958538df5dc7598a65448c2f59120ecbbc06 25.88MB / 25.88MB        16.4s
 => => sha256:56cffac73ed5561a489633d6644fec750eab530206ae3f51bb28f6927cdbbb47 1.23MB / 1.23MB           1.3s
 => => sha256:7b1647ff3a2b4e747c55ec263fd9b8c24882b1e840937e103e99bcab27d29c65 209.26kB / 209.26kB       1.6s
 => => sha256:2b47771715fca12483c04fb0a24bd77fa4fb10a43fc5c73b15f82f862390bb81 771.42kB / 771.42kB       1.3s
 => => sha256:37cdf58a357e1b507248de6744ab0c224c351cce17c02afe02ce80341ec974b2 4.19MB / 4.19MB           7.5s
 => => sha256:0bb4ee869a7cae56c96d77c74f36e7dfe567bbe0227531ba3e8eaa75bd99909d 4.26MB / 4.26MB           2.5s
 => => sha256:6ce6df78274f85f6d6652beb708aebd503ce3235cfbf7b56d97d9f5d0b95d532 70.19MB / 70.19MB        23.1s
 => => sha256:3d82058bf11db6a98e4df6b0a480b79fbeca4892a139865d1a49e4eb8f6fef06 137.92MB / 137.92MB      63.4s
 => => sha256:96c832531c38e688c852576582a5ab43a21815c743665a03b6b066c850ed1522 29.54MB / 29.54MB        21.4s
 => => extracting sha256:96c832531c38e688c852576582a5ab43a21815c743665a03b6b066c850ed1522                0.5s
 => => extracting sha256:3d82058bf11db6a98e4df6b0a480b79fbeca4892a139865d1a49e4eb8f6fef06                2.7s
 => => extracting sha256:6ce6df78274f85f6d6652beb708aebd503ce3235cfbf7b56d97d9f5d0b95d532                1.8s
 => => extracting sha256:0bb4ee869a7cae56c96d77c74f36e7dfe567bbe0227531ba3e8eaa75bd99909d                0.1s
 => => extracting sha256:37cdf58a357e1b507248de6744ab0c224c351cce17c02afe02ce80341ec974b2                0.1s
 => => extracting sha256:2b47771715fca12483c04fb0a24bd77fa4fb10a43fc5c73b15f82f862390bb81                0.0s
 => => extracting sha256:7b1647ff3a2b4e747c55ec263fd9b8c24882b1e840937e103e99bcab27d29c65                0.0s
 => => extracting sha256:56cffac73ed5561a489633d6644fec750eab530206ae3f51bb28f6927cdbbb47                0.0s
 => => extracting sha256:635b23a30fd7ff011feb4e016d59958538df5dc7598a65448c2f59120ecbbc06                0.3s
 => => extracting sha256:423059cfd76b3de64d41648212e41fae51319bbd47f49e0c7ecbfcb2ec8fba3b                0.0s
 => => extracting sha256:8bd7bdb15291cd680a37df90ceed9b58ab5d1a0b006e68e066884d05851baa4d                0.0s
 => => extracting sha256:2d6950d84c5c172407641a2dd587ac0b10ea8449be87c0e7285829da687a82c1                0.0s
 => => extracting sha256:9e56881ac54e7f9385b29cd9b447b58cc5d47ac16f2fe3025274a4484d0fde98                0.0s
 => => extracting sha256:4f4fb700ef54461cfa02571ae0db9a0dc1e0cdb5577484a6d75e68dc38e8acc1                0.0s
 => => extracting sha256:abfe1b9efcaaf27b6a6b5f92120da88bb1381639294e9ac2a99668c07f343bcb                0.0s
 => => extracting sha256:83143e35e63c00902cb95e7d6ae524020f368becbb71240e8c8cf19aafd2cd57                0.1s
 => => extracting sha256:7562e07663938e8954c2f2b874ffcf23598ebdee515f92e0929501360dba0aee                0.1s
 => => extracting sha256:efa4fee6c3482d6eff63642730e9f574de8bf10f9033c69cb99ddcf9883c2b8c                0.1s
 => => extracting sha256:20683772cd37a28cb95fb3a43c4defa4f76886b6c4e7572aba690f8857900188                0.0s
 => => extracting sha256:2b7d7c40022f698fcce5c1d3bc4f4ed2cd9e9a396a6e0b7ad7126acd6dccc302                0.0s
 => => extracting sha256:4a8f0d332c2bf6ed9a8d884c97c4e4383705db12ef988c5094a68ddcd2e9f17e                0.0s
 => => extracting sha256:bf921bb70ab20fb656ceec3bdcb5f7020b66c2e59cff339f0491318faf798780                0.0s
 => => extracting sha256:5ab227729439af0bbdb719c3f24aac10ca7b98dbbf52e6297bcd50e2ad559533                0.0s
 => => extracting sha256:ce1275337fe2036f648954449c760b732216738073d74dec6d815d89f2148eeb                0.0s
 => => extracting sha256:08ff4b2b7490e92c9f81de980c2e0a0e0efce68ed30f9db9e714c75efd43caae                0.0s
 => => extracting sha256:ac074663861758cf63e9cdfbd132af3510a9084b734c1bf995dfc7644c791577                0.2s
 => => extracting sha256:fbbdea784b9ebe14aea6f8b8de75a2e8267d479a154251c2be99d7c624a85f90                0.0s
 => => extracting sha256:57e2b75f7bf2cb85022c52a9cb266855b612cc9a8d17c6facaf875f797daa4b7                0.0s
 => => extracting sha256:2f399dad7322b5980fd17879e705be62aab21147d9b103913e6793d8f99be94d                0.0s
 => => extracting sha256:4e0f91f02c8cec41390e444608c494d0e0e1b52f168d143c03fdbeeb6197960d                0.0s
 => => extracting sha256:258458b47323ee4a3ca57408b3a653c6af3204cda8d6631a08c0220325cad74e                0.0s
 => => extracting sha256:be54d8c33e020ffcb39ca6cf2236b13c67d7e308722e4b5de8a96c24e786ca05                0.0s
 => => extracting sha256:c2aaabbbd7033b9e37d782ecf0c490ef3428fc9b486598c1418f0eba1b2c8de4                0.2s
 => => extracting sha256:ca41ad05ec71eb489dd74628a46e3ad9098e3a1af76762abe947ec2d38ae674e                0.0s
 => => extracting sha256:6ac8604968ee3f185103685cd221fb6b0df163f8c53ea05feb07e05600497fe1                0.0s
 => => extracting sha256:ac66b10d3f096a9bcc606c56f979a33d6c43de2b2b3b99d5b84765edb65c9959                0.2s
 => => extracting sha256:e9cedd56cda8012a7927f91cf32a62f983c4106a41d084ea5abb0bf609c61650                0.0s
 => => extracting sha256:e7f1cf238ca89639cbe96987d8ffdfc37a1b8d45c7c94449e6f8a8ec2de7526a                0.0s
 => => extracting sha256:8e92f7488a84908df9ab9e22b08eb403b920acf1e269bdaa8eff8df62f8bfe0a                0.0s
 => => extracting sha256:d6034cbd3e1993c02e599a624eb32b06e242d3695f0e30e022a053d5bd7baa5b                0.0s
 => [convoy-submitter-builder 1/9] FROM docker.io/library/rust:1.88-bookworm@sha256:af306cfa71d987911  246.1s
 => => resolve docker.io/library/rust:1.88-bookworm@sha256:af306cfa71d987911a781c37b59d7d67d934f4968405  0.1s
 => => sha256:94b9ed0713840a284100e368adfdffd34e6ff581cf29aac352a543e650e7ca78 205.06MB / 205.06MB     243.8s
 => => sha256:873a4c80287477653c01b20948fc34bb1bacf0f826bcc2ddc3bd2fe25b342d45 211.36MB / 211.36MB     226.2s
 => => sha256:37f838b71c6b82c581b7543a313255b8c99c23cc9d96c1ad6f9f5f208c942553 64.40MB / 64.40MB        76.9s
 => => sha256:c2e76af9483f2d17a3e370639403df2c53a3da1480d533116a8694cd91f15d5a 24.02MB / 24.02MB        16.6s
 => => sha256:ebed137c7c18cb1906fb8314eabc10611ddf49a281f8c1b5eab987a7137f749f 48.49MB / 48.49MB        81.3s
 => => extracting sha256:ebed137c7c18cb1906fb8314eabc10611ddf49a281f8c1b5eab987a7137f749f                1.2s
 => => extracting sha256:c2e76af9483f2d17a3e370639403df2c53a3da1480d533116a8694cd91f15d5a                0.4s
 => => extracting sha256:37f838b71c6b82c581b7543a313255b8c99c23cc9d96c1ad6f9f5f208c942553                1.2s
 => => extracting sha256:873a4c80287477653c01b20948fc34bb1bacf0f826bcc2ddc3bd2fe25b342d45                2.9s
 => => extracting sha256:94b9ed0713840a284100e368adfdffd34e6ff581cf29aac352a543e650e7ca78                2.0s
 => [internal] load build context                                                                       51.3s
 => => transferring context: 1.19GB                                                                     51.2s
 => [stage-3  2/16] RUN curl -L https://foundry.paradigm.xyz | bash || true                             11.2s
 => [stage-3  3/16] RUN /root/.foundry/bin/foundryup -i stable &&     /root/.foundry/bin/cast --versio  59.3s
 => [stage-3  4/16] RUN pip3 install --no-cache-dir eth-utils                                            1.1s
 => [convoy-submitter-builder 2/9] WORKDIR /build                                                        0.3s
 => [stone-cli-builder 2/3] RUN apt-get update && apt-get install -y --no-install-recommends         p  19.8s
 => [convoy-submitter-builder 3/9] RUN apt-get update && apt-get install -y --no-install-recommends     11.4s
 => [convoy-submitter-builder 4/9] COPY PROOF/vendor/stark-evm-adapter/  /build/PROOF/vendor/stark-evm-  0.1s
 => [convoy-submitter-builder 5/9] COPY PROOF/submitter/  /build/PROOF/submitter/                        2.3s
 => [convoy-submitter-builder 6/9] WORKDIR /build/PROOF/submitter                                        0.1s
 => [convoy-submitter-builder 7/9] RUN cargo build --release                                           173.6s
 => [stone-cli-builder 3/3] RUN cargo install --locked --git https://github.com/zksecurity/stone-cli   308.3s
 => [convoy-submitter-builder 8/9] RUN cp target/release/convoy-submitter /usr/local/bin/convoy-submitt  1.6s
 => [convoy-submitter-builder 9/9] RUN ls -la /usr/local/bin/convoy-submitter                            1.1s
 => [stage-3  5/16] COPY --from=stone-cli-builder /usr/local/bin/stone-cli /usr/local/bin/stone-cli      0.2s
 => [stage-3  6/16] COPY --from=convoy-submitter-builder /usr/local/bin/convoy-submitter /usr/local/bin  0.1s
 => [stage-3  7/16] WORKDIR /app                                                                         0.0s
 => [stage-3  8/16] COPY PROOF/prover-api/safe_area_verify.cairo /app/safe_area_verify.cairo             0.0s
 => [stage-3  9/16] COPY PROOF/prover-api/sample_input.json      /app/sample_input.json                  0.0s
 => [stage-3 10/16] COPY PROOF/prover-api/prove_pie.py           /app/prove_pie.py                       0.0s
 => [stage-3 11/16] COPY PROOF/prover-api/fetch_l2_cells.py      /app/fetch_l2_cells.py                  0.0s
 => [stage-3 12/16] COPY PROOF/prover-api/entrypoint.sh          /app/entrypoint.sh                      0.0s
 => [stage-3 13/16] RUN chmod +x /app/entrypoint.sh                                                      0.2s
 => [stage-3 14/16] RUN curl https://get.starkli.sh | sh || true                                         1.9s
 => [stage-3 15/16] RUN /bin/bash -c "source /root/.starkli/env 2>/dev/null && starkliup -v 0.4.0" ||    6.5s
 => [stage-3 16/16] RUN mkdir -p /proofs                                                                 0.4s
 => exporting to image                                                                                  12.8s
 => => exporting layers                                                                                 10.7s
 => => exporting manifest sha256:142bcb5ec23bc3c5e7d7b18975970320314347bce839dc41b1766e2badffaabc        0.0s
 => => exporting config sha256:d22b3ef1db9e071df8f36df6a587b473c6a25160262aca81093491c441f86b95          0.0s
 => => exporting attestation manifest sha256:5156a4605ac07d4c4b5d35e3f57ae05b3f3d1f167b101f5701f930e4a9  0.0s
 => => exporting manifest list sha256:9424c0efd83aaf034747f2fd927cf5c3ef93f72ab1ed49f468abde865e07af6c   0.0s
 => => naming to docker.io/library/convoy-prover-api:latest                                              0.0s
 => => unpacking to docker.io/library/convoy-prover-api:latest                                           1.9s

View build details: docker-desktop://dashboard/build/desktop-linux/desktop-linux/nifdvqhfpi7js68ng29fucydy

Henri@henryjr MINGW64 ~/Desktop/Mestrado/naval-convoy-protection (besu-migration)
$ ./SIMULATOR/scripts/up.sh
  [1/4] L1 chain — 6 Besu QBFT validators (ships A–F)
═══════════════════════════════════════════════════════════════
 Container convoy-ship-f Started 
 Container convoy-ship-d Started 
 Container convoy-ship-e Started 
  waiting for Besu ship-a RPC (localhost:8545)........ ✓

═══════════════════════════════════════════════════════════════
  [2/4] L1 contracts — Registry, Verifier, CommandLog
═══════════════════════════════════════════════════════════════
  deploying alpha Starknet core (bootstrapper-v2 setup-base)...
[2026-09-09T18:51:00Z INFO  bootstrapper_v2::setup::base_layer::ethereum] Deployed CoreContract at address: 0x0116686e2291dbd5e317f47fadbfb43b599786ef
[2026-09-09T18:51:07Z INFO  bootstrapper_v2::setup::base_layer::ethereum] Deployed Manager at address: 0x9baab117304f7d6517048e371025db8f89a8dbe5
[2026-09-09T18:51:14Z INFO  bootstrapper_v2::setup::base_layer::ethereum] Deployed Registry at address: 0x1eb835eb7beeee9e6bbfe08f16a2d2ef668204bd
[2026-09-09T18:51:21Z INFO  bootstrapper_v2::setup::base_layer::ethereum] Deployed MultiBridge at address: 0x31a65c6d4eb07ad51e7afc890ac3b7be84df2ead
[2026-09-09T18:51:29Z INFO  bootstrapper_v2::setup::base_layer::ethereum] Deployed EthBridge at address: 0x2706a171ecb68e0038378d40dd1d136361d0cb7d
[2026-09-09T18:51:36Z INFO  bootstrapper_v2::setup::base_layer::ethereum] Deployed EthBridgeEIC at address: 0x993f00eb9c73e3e4eae3d6afb4ba65a6b8b5e597
[2026-09-09T18:51:36Z INFO  bootstrapper_v2::setup::base_layer::ethereum] Computed config hash: 0x4b770bb457112c3766402811d37e461a0c0864f822ff50dd474d53d4b3861ee
[2026-09-09T18:51:36Z INFO  bootstrapper_v2::setup::base_layer::ethereum] Using computed config hash: 0x4b770bb457112c3766402811d37e461a0c0864f822ff50dd474d53d4b3861ee
[2026-09-09T18:51:44Z INFO  bootstrapper_v2::setup::base_layer::ethereum] Deployed factory at 0xd771d7c0e1ebe89c9e9f663824851bb89b926d1a
[2026-09-09T18:51:51Z INFO  bootstrapper_v2::setup::base_layer::ethereum::factory] Received BaseLayerContractsDeployed event, Baselayer contracts: BaseLayerContracts { coreContract: 0xb05827a30496ed35d62a4c0b08658a6cd9df0978, manager: 0xff00b07c8f85b81c668e2a15e168c2f432d0d5ff, registry: 0xc19dea222c49cf580341821d8aad5580e7e2a7f3, tokenBridge: 0x33bc304daa5f0dab0e17741439bdb8c153dc3542, ethTokenBridge: 0x74a6dc89fc8662621cf8eba730367ec5f93a6640 }
[2026-09-09T18:51:51Z INFO  bootstrapper_v2::setup::base_layer::ethereum] Ethereum base layer addresses saved to: /bootstrap/output/addresses-alpha.json
  deploying bravo Starknet core (bootstrapper-v2 setup-base)...
[2026-09-09T18:52:00Z INFO  bootstrapper_v2::setup::base_layer::ethereum] Deployed CoreContract at address: 0x8464135c8f25da09e49bc8782676a84730c318bc
[2026-09-09T18:52:08Z INFO  bootstrapper_v2::setup::base_layer::ethereum] Deployed Manager at address: 0x71c95911e9a5d330f4d621842ec243ee1343292e
[2026-09-09T18:52:15Z INFO  bootstrapper_v2::setup::base_layer::ethereum] Deployed Registry at address: 0x948b3c65b89df0b4894abe91e6d02fe579834f8f
[2026-09-09T18:52:22Z INFO  bootstrapper_v2::setup::base_layer::ethereum] Deployed MultiBridge at address: 0x712516e61c8b383df4a63cfe83d7701bce54b03e
[2026-09-09T18:52:30Z INFO  bootstrapper_v2::setup::base_layer::ethereum] Deployed EthBridge at address: 0xbcf26943c0197d2ee0e5d05c716be60cc2761508
[2026-09-09T18:52:37Z INFO  bootstrapper_v2::setup::base_layer::ethereum] Deployed EthBridgeEIC at address: 0x59f2f1fcfe2474fd5f0b9ba1e73ca90b143eb8d0
[2026-09-09T18:52:37Z INFO  bootstrapper_v2::setup::base_layer::ethereum] Computed config hash: 0x5b119ec147dfd8c3ce53ed0f0a00d79d8f36b0ef66c3f8b0e1db4378c356d17
[2026-09-09T18:52:37Z INFO  bootstrapper_v2::setup::base_layer::ethereum] Using computed config hash: 0x5b119ec147dfd8c3ce53ed0f0a00d79d8f36b0ef66c3f8b0e1db4378c356d17
[2026-09-09T18:52:44Z INFO  bootstrapper_v2::setup::base_layer::ethereum] Deployed factory at 0xc6ba8c3233ecf65b761049ef63466945c362edd2
[2026-09-09T18:52:51Z INFO  bootstrapper_v2::setup::base_layer::ethereum::factory] Received BaseLayerContractsDeployed event, Baselayer contracts: BaseLayerContracts { coreContract: 0xf46c546160eb1cf436ed30e939bff00369f7aa29, manager: 0x6a32892eeb7dfc604fc031f42617bc0b4fbfe23b, registry: 0xfc4df3332bb0379ccd79e1d0874a6fa5196c1aba, tokenBridge: 0x4490ce953691d5d660f04e80cc2e23af70569bef, ethTokenBridge: 0x9d50066d423caaf577aaf1eeee8d75879ab48ef9 }
[2026-09-09T18:52:51Z INFO  bootstrapper_v2::setup::base_layer::ethereum] Ethereum base layer addresses saved to: /bootstrap/output/addresses-bravo.json
  Alpha core: 0xb05827a30496ed35d62a4c0b08658a6cd9df0978
  Bravo core: 0xf46c546160eb1cf436ed30e939bff00369f7aa29
[deploy-l1] installing forge dependencies
[deploy-l1] building
[deploy-l1] deploying convoy contracts
  Registry         deployed at: 0x5FbDB2315678afecb367f032d93F642f64180aa3
  Verifier         deployed at: 0xe7f1725E7734CE288F8367e1Bb143E90bb3F0512
  CommandLog       deployed at: 0x9fE46736679d2D9a65F0992F2272dE9f3c7fa6e0
[deploy-l1] L1 contracts deployed; run ./scripts/register-missions.sh after L2 setup
  [2b] StarkWare 2023_9 GPS verifier suite (byte-identical mainnet bytecode)
[deploy-stark] deploying 15 stateless contracts (byte-identical to mainnet 2023_9)...
[deploy-stark] deploying CpuFrilessVerifier (7-builtin starknet)...
[deploy-stark] deploying GpsStatementVerifier (2023_9, N_BUILTINS=9)...
[deploy-stark] done - addresses written to .tmp-l1/stark-verifier.env:
# StarkWare 2023_9 (7-builtin starknet) verifier suite on Besu - deploy-stark-verifier.sh
GPS_STATEMENT_VERIFIER_ADDR=0xc6e7DF5E7b4f2A278906862b61205850344D4e7d
CPU_FRILESS_VERIFIER_ADDR=0x3Aa5ebB10DC797CAC828524e59A333d0A371443c
MERKLE_STATEMENT_CONTRACT_ADDR=0xDc64a140Aa3E981100a9becA4E685f962f0cF6C9
FRI_STATEMENT_CONTRACT_ADDR=0x5FC8d32690cc91D4c39d9d3abcBD16989F875707
MEMORY_PAGE_FACT_REGISTRY_ADDR=0x0165878A594ca255338adfa4d48449f69242Eb8F
CPU_CONSTRAINT_POLY_ADDR=0xa513E6E4b8f2a923D98304ec87F64353C4D5C853
CPU_OODS_ADDR=0x2279B7A0a67DB372996a5FaB50D91eAA73d2eBe6
CAIRO_BOOTLOADER_PROGRAM_ADDR=0x8A791620dd6260079BF849Dc5567aDC3F2FdC318
  wiring convoy Verifier 0xe7f1725E7734CE288F8367e1Bb143E90bb3F0512 -> GPS 0xc6e7DF5E7b4f2A278906862b61205850344D4e7d
  ✓ starkVerifier wired

═══════════════════════════════════════════════════════════════
  [3/4] L2 stack — 10 Madara + 2 pathfinder leaders + prover APIs
═══════════════════════════════════════════════════════════════
  seeding alpha genesis (--devnet one-shot)...
[+] up 11/11
 ✔ Image ghcr.io/madara-alliance/madara:v0.9.1      Pulled                                                                    35.6s
 ✔ Volume naval-convoy-protection_madara-alpha-data Created                                                                   0.0s
 ✔ Container convoy-ship-a                          Healthy                                                                   0.8s
 ✔ Container convoy-madara-alpha-seed               Started                                                                   1.0s
[+] stop 1/1
[+] remove 1/1onvoy-madara-alpha-seed Stopped                                                                                  0.4s
 ✔ Container convoy-madara-alpha-seed Removed                                                                                  0.4s
  alpha genesis seeded ✓
  seeding bravo genesis (--devnet one-shot)...
[+] up 3/3
 ✔ Volume naval-convoy-protection_madara-bravo-data Created                                                                    0.0s
 ✔ Container convoy-ship-a                          Healthy                                                                    0.7s
 ✔ Container convoy-madara-bravo-seed               Started                                                                    1.0s
[+] stop 1/1
[+] remove 1/1onvoy-madara-bravo-seed Stopped                                                                                  0.4s
 ✔ Container convoy-madara-bravo-seed Removed                                                                                  0.5s
  bravo genesis seeded ✓
 Container convoy-madara-alpha-2 Started 
 Container convoy-madara-alpha-3 Started 
 Container convoy-pathfinder-alpha-1 Started 
  waiting for madara-alpha (sequencer) healthy... ✓
  waiting for madara-bravo (sequencer) healthy... ✓
  waiting for pathfinder-alpha-1 (leader archive) healthy..... ✓
  waiting for pathfinder-bravo-1 (leader archive) healthy... ✓

═══════════════════════════════════════════════════════════════
  [4/4] Dozzle log viewer
═══════════════════════════════════════════════════════════════
 Container convoy-debugger Created 
 Container convoy-debugger Starting 
 Container convoy-debugger Started 
  → http://localhost:8888  (sidebar grouped by drone hardware)

═══════════════════════════════════════════════════════════════
  Stack is up. Suggested next steps:
═══════════════════════════════════════════════════════════════
    ./SIMULATOR/scripts/deploy-l2.sh --swarm both
    ./SIMULATOR/scripts/generate-drone-accounts.sh --swarm both
    ./SIMULATOR/scripts/register-missions.sh --swarm both
    python3 SIMULATOR/scripts/generate-mission.py --scenario both-safe --output-dir .tmp-l2/missions/
    for swarm in alpha bravo; do
        for did in 1 2 3 4 5; do
            f=.tmp-l2/missions/both-safe/${swarm}_${did}.json
            [ -f "$f" ] && ./SIMULATOR/scripts/submit-telemetry.sh $swarm $did "$f"
        done
    done
    

docker run --rm --network convoy-l1 ghcr.io/foundry-rs/foundry:latest   -c cast call 0x9fE46736679d2D9a65F0992F2272dE9f3c7fa6e0 advanceCount()(uint256) --rpc-url http://ship-a:8545   
  

    

docker run --rm --network convoy-l1 ghcr.io/foundry-rs/foundry:latest -c  cast send 0x9fE46736679d2D9a65F0992F2272dE9f3c7fa6e0 advance(uint256,uint256,uint256) 1 2 100 --rpc-url http://ship-a:8545 --private-key 0x4bbbf85ce3377467afe5d46f804f221813b2bb87f24d81f60f1fcdbf7cbf4356 --legacy


Henri@henryjr MINGW64 ~/Desktop/Mestrado/naval-convoy-protection (besu-migration)
$ MSYS_NO_PATHCONV=1 docker run --rm -v "$(pwd)/LAYER2/cairo/convoy_protocol:/work" -w /work convoy-cairo-builder scarb build
   Compiling convoy_protocol v0.1.0 (/work/Scarb.toml)
warn: Usage of deprecated feature `"corelib-internal-use"` with no `#[feature("corelib-internal-use")]` attribute. Note: "Use `starknet` directly"
 --> /work/src/lib.cairo:56:11
use core::starknet::ContractAddress;
          ^^^^^^^^

warn: Usage of deprecated feature `"corelib-internal-use"` with no `#[feature("corelib-internal-use")]` attribute. Note: "Use `starknet` directly"
 --> /work/src/lib.cairo:205:15
    use core::starknet::{
              ^^^^^^^^

warn: Usage of deprecated feature `"corelib-internal-use"` with no `#[feature("corelib-internal-use")]` attribute. Note: "Use `starknet` directly"
 --> /work/src/lib.cairo:216:15
    use core::starknet::storage::{
              ^^^^^^^^

warn: Usage of deprecated feature `"corelib-internal-use"` with no `#[feature("corelib-internal-use")]` attribute. Note: "Use `starknet` directly"
 --> /work/src/lib.cairo:224:15
    use core::starknet::syscalls::send_message_to_l1_syscall;
              ^^^^^^^^

    Finished `dev` profile target(s) in 15 seconds

Henri@henryjr MINGW64 ~/Desktop/Mestrado/naval-convoy-protection (besu-migration)
$ ./SIMULATOR/scripts/deploy-l2.sh --swarm both
WARNING: setting passwords via --password is generally considered insecure, as they will be stored in your shell history or other log files.
[deploy-l2] account: 0x055be462e718c4166d656d11f89e341115b8bc82389c3762a10eade04fcb225d

======================================================================
  Deploying convoy_protocol to convoy-madara-alpha  (swarm=alpha)
  RPC: http://convoy-madara-alpha:9944/rpc/v0.8.1
======================================================================
[deploy-l2/alpha] computing class hash...
[deploy-l2/alpha] class_hash: 0x0474142779dd5d7fe8936e437c45477d73f0811f62b9e8bbf4e1e6fd55201cfe
[deploy-l2/alpha] declaring convoy_protocol...
Transaction 0x0784b2ba28908b30b0542d1cb1b806419727a8bdde51f314ab0e753b82e06759 confirmed
Class hash declared:
0x0474142779dd5d7fe8936e437c45477d73f0811f62b9e8bbf4e1e6fd55201cfe
[deploy-l2/alpha] waiting for class 0x0474142779dd5d7fe8936e437c45477d73f0811f62b9e8bbf4e1e6fd55201cfe to be declared on-chain...
[deploy-l2/alpha] class is declared ✓
[deploy-l2/alpha] deploying contract...
  constructor: l1_commander=0x5FbDB2315678afecb367f032d93F642f64180aa3, l1_verifier=0xe7f1725E7734CE288F8367e1Bb143E90bb3F0512
Waiting for transaction 0x02073169fade61fb88a4d1c2cecd13b3881f61e8e5c4cf2755b9f2e1c8b92010 to confirm...
Transaction not confirmed yet...
Transaction 0x02073169fade61fb88a4d1c2cecd13b3881f61e8e5c4cf2755b9f2e1c8b92010 confirmed
Contract deployed:
0x01e704f9dc82c31740ea822c7a3c3c7b5280e9decbf793b4071f76daf262f99e
[deploy-l2/alpha] contract_addr: 0x01e704f9dc82c31740ea822c7a3c3c7b5280e9decbf793b4071f76daf262f99e
[deploy-l2/alpha] wrote .tmp-l2/convoy_l2_alpha.env
[deploy-l2/alpha] smoke test: safe_count(0) (expect 0x0)...
[deploy-l2/alpha] smoke OK

======================================================================
  Deploying convoy_protocol to convoy-madara-bravo  (swarm=bravo)
  RPC: http://convoy-madara-bravo:9944/rpc/v0.8.1
======================================================================
[deploy-l2/bravo] computing class hash...
[deploy-l2/bravo] class_hash: 0x0474142779dd5d7fe8936e437c45477d73f0811f62b9e8bbf4e1e6fd55201cfe
[deploy-l2/bravo] declaring convoy_protocol...
0x0474142779dd5d7fe8936e437c45477d73f0811f62b9e8bbf4e1e6fd55201cfe
Transaction 0x063737dbfd44e2019c1e8a4e8b8b6e7315b34722d8520fca820c3fe70fa46b2c confirmed
Class hash declared:
[deploy-l2/bravo] waiting for class 0x0474142779dd5d7fe8936e437c45477d73f0811f62b9e8bbf4e1e6fd55201cfe to be declared on-chain...
[deploy-l2/bravo] class is declared ✓
[deploy-l2/bravo] deploying contract...
  constructor: l1_commander=0x5FbDB2315678afecb367f032d93F642f64180aa3, l1_verifier=0xe7f1725E7734CE288F8367e1Bb143E90bb3F0512
Waiting for transaction 0x05827999a8708fa419cb993e57a8a27b9dbaff7234a907b6df496a315601967f to confirm...
Transaction not confirmed yet...
0x02087df47aaacf2e0e9880d36de475e1cdbcea1e6dcb8d0fb2c735b96e625865
Transaction 0x05827999a8708fa419cb993e57a8a27b9dbaff7234a907b6df496a315601967f confirmed
Contract deployed:
[deploy-l2/bravo] contract_addr: 0x02087df47aaacf2e0e9880d36de475e1cdbcea1e6dcb8d0fb2c735b96e625865
[deploy-l2/bravo] wrote .tmp-l2/convoy_l2_bravo.env
[deploy-l2/bravo] smoke test: safe_count(0) (expect 0x0)...
[deploy-l2/bravo] smoke OK

[deploy-l2] combined .tmp-l2/convoy_l2.env:
CONVOY_PROTOCOL_CLASS_HASH_ALPHA=0x0474142779dd5d7fe8936e437c45477d73f0811f62b9e8bbf4e1e6fd55201cfe
CONVOY_PROTOCOL_ADDR_ALPHA=0x01e704f9dc82c31740ea822c7a3c3c7b5280e9decbf793b4071f76daf262f99e
CONVOY_PROTOCOL_CLASS_HASH_BRAVO=0x0474142779dd5d7fe8936e437c45477d73f0811f62b9e8bbf4e1e6fd55201cfe
CONVOY_PROTOCOL_ADDR_BRAVO=0x02087df47aaacf2e0e9880d36de475e1cdbcea1e6dcb8d0fb2c735b96e625865
ACCOUNT_ADDR=0x055be462e718c4166d656d11f89e341115b8bc82389c3762a10eade04fcb225d


Henri@henryjr MINGW64 ~/Desktop/Mestrado/naval-convoy-protection (besu-migration)
$ ./SIMULATOR/scripts/generate-drone-accounts.sh --swarm both

======================================================================
  Minting 5 drone accounts on convoy-madara-alpha
  (deployer: account #1 at 0x055be462e718c4166d656d11f89e341115b8bc82389c3762a10eade04fcb225d)
======================================================================
[mint/alpha/1] deploying drone account...WARNING: setting passwords via --password is generally considered insecure, as they will be stored in your shell history or other log files.
 OK  addr=0x07200257028ceccec41c833cd686588b59ffc31906d82f31f80368bfbef3bc7b
[mint/alpha/2] deploying drone account...WARNING: setting passwords via --password is generally considered insecure, as they will be stored in your shell history or other log files.
 OK  addr=0x0586fc0f3724da943614fff26b03cf70d6686a8dbe8d18cb3a3a36ca98e2b74e
[mint/alpha/3] deploying drone account...WARNING: setting passwords via --password is generally considered insecure, as they will be stored in your shell history or other log files.
 OK  addr=0x07d516548c38f534da57f22c778c2ad06742c4f32398255256e4c4b6bd6e0029
[mint/alpha/4] deploying drone account...WARNING: setting passwords via --password is generally considered insecure, as they will be stored in your shell history or other log files.
 OK  addr=0x03ae6b4cd36d99695cc13264cd4def1c1de83fed0bfd5ee3d7c0386e4a48b066
[mint/alpha/5] deploying drone account...WARNING: setting passwords via --password is generally considered insecure, as they will be stored in your shell history or other log files.
 OK  addr=0x061067e256c9bfb0b6633aa8c3e1e6234803837baea52e4293249a7bd814663e

[mint/alpha] wrote .tmp-l2/drones-alpha.env
# Generated by generate-drone-accounts.sh — do not commit
# Swarm: alpha    Madara: convoy-madara-alpha

ALPHA_DRONE_1_ADDR=0x07200257028ceccec41c833cd686588b59ffc31906d82f31f80368bfbef3bc7b
ALPHA_DRONE_1_PUBKEY=0x000bcda300aa3c145a16a6b09dff2dac4229d7aa971a4b814813c04f04747bbd
ALPHA_DRONE_1_KEYSTORE=.tmp-l2/drones/alpha/1/keystore.json

ALPHA_DRONE_2_ADDR=0x0586fc0f3724da943614fff26b03cf70d6686a8dbe8d18cb3a3a36ca98e2b74e
ALPHA_DRONE_2_PUBKEY=0x059c5403356b6099977591d5d5087029668a76a1a411e00e98c3016a74397601
ALPHA_DRONE_2_KEYSTORE=.tmp-l2/drones/alpha/2/keystore.json

ALPHA_DRONE_3_ADDR=0x07d516548c38f534da57f22c778c2ad06742c4f32398255256e4c4b6bd6e0029
ALPHA_DRONE_3_PUBKEY=0x025f34df9acbe705ddea325a2d202cc361281253066469adb037b6728e2f0887
ALPHA_DRONE_3_KEYSTORE=.tmp-l2/drones/alpha/3/keystore.json

ALPHA_DRONE_4_ADDR=0x03ae6b4cd36d99695cc13264cd4def1c1de83fed0bfd5ee3d7c0386e4a48b066
ALPHA_DRONE_4_PUBKEY=0x03cf0d80f5483f270d2f566e2b3dd3e3229a859f2c3c9fe8717101ccd2e4dd1e
ALPHA_DRONE_4_KEYSTORE=.tmp-l2/drones/alpha/4/keystore.json

ALPHA_DRONE_5_ADDR=0x061067e256c9bfb0b6633aa8c3e1e6234803837baea52e4293249a7bd814663e
ALPHA_DRONE_5_PUBKEY=0x072c68cf52ef8365d658238f531271fcd86331556ecf168bb73d5fa0420288c5
ALPHA_DRONE_5_KEYSTORE=.tmp-l2/drones/alpha/5/keystore.json


[fund/alpha] funding 5 drones with 1000000000000000000 wei STRK + ETH each...
  [1/5] 0x07200257028ceccec41c833cd686588b59ffc31906d82f31f80368bfbef3bc7b... OK
  [2/5] 0x0586fc0f3724da943614fff26b03cf70d6686a8dbe8d18cb3a3a36ca98e2b74e... OK
  [3/5] 0x07d516548c38f534da57f22c778c2ad06742c4f32398255256e4c4b6bd6e0029... OK
  [4/5] 0x03ae6b4cd36d99695cc13264cd4def1c1de83fed0bfd5ee3d7c0386e4a48b066... OK
  [5/5] 0x061067e256c9bfb0b6633aa8c3e1e6234803837baea52e4293249a7bd814663e... OK

======================================================================
  Minting 5 drone accounts on convoy-madara-bravo
  (deployer: account #1 at 0x055be462e718c4166d656d11f89e341115b8bc82389c3762a10eade04fcb225d)
======================================================================
[mint/bravo/1] deploying drone account...WARNING: setting passwords via --password is generally considered insecure, as they will be stored in your shell history or other log files.
 OK  addr=0x0720ca73c76c830d5963b096b702ca9e617f3b6c6603625d0d79ab23c3951fb5
[mint/bravo/2] deploying drone account...WARNING: setting passwords via --password is generally considered insecure, as they will be stored in your shell history or other log files.
 OK  addr=0x068a030e886e0d8c725c80693dc62bf11d5fcbab39aba9972f2a52af25d82dc2
[mint/bravo/3] deploying drone account...WARNING: setting passwords via --password is generally considered insecure, as they will be stored in your shell history or other log files.
 OK  addr=0x059d6e840a1c651cbcb1877292800a30c2370a2b3e94a703450ea6cabcdec84b
[mint/bravo/4] deploying drone account...WARNING: setting passwords via --password is generally considered insecure, as they will be stored in your shell history or other log files.
 OK  addr=0x04f257104de6af6b44ba009ade342f38c9be3521f00532bc6b9a9211e839141b
[mint/bravo/5] deploying drone account...WARNING: setting passwords via --password is generally considered insecure, as they will be stored in your shell history or other log files.
 OK  addr=0x04f10f0552e1b9798a8c6e21df27051b80a034dc4f4d2dc567c0d0ab0914db39

[mint/bravo] wrote .tmp-l2/drones-bravo.env
# Generated by generate-drone-accounts.sh — do not commit
# Swarm: bravo    Madara: convoy-madara-bravo

BRAVO_DRONE_1_ADDR=0x0720ca73c76c830d5963b096b702ca9e617f3b6c6603625d0d79ab23c3951fb5
BRAVO_DRONE_1_PUBKEY=0x07cc5059a960334ea275583c5913951417ab1a65fb14d046298296383f0862e9
BRAVO_DRONE_1_KEYSTORE=.tmp-l2/drones/bravo/1/keystore.json

BRAVO_DRONE_2_ADDR=0x068a030e886e0d8c725c80693dc62bf11d5fcbab39aba9972f2a52af25d82dc2
BRAVO_DRONE_2_PUBKEY=0x06a52e71c1b9420448f4354ead217aaa3b6493cef40e26d6ecc0c7d38c8937dc
BRAVO_DRONE_2_KEYSTORE=.tmp-l2/drones/bravo/2/keystore.json

BRAVO_DRONE_3_ADDR=0x059d6e840a1c651cbcb1877292800a30c2370a2b3e94a703450ea6cabcdec84b
BRAVO_DRONE_3_PUBKEY=0x05ab582e1bbd0c4fb93e685ff8dbce5fb527437cc0028fcdf252c1779d65d73a
BRAVO_DRONE_3_KEYSTORE=.tmp-l2/drones/bravo/3/keystore.json

BRAVO_DRONE_4_ADDR=0x04f257104de6af6b44ba009ade342f38c9be3521f00532bc6b9a9211e839141b
BRAVO_DRONE_4_PUBKEY=0x0635004e13d70832347ce684e3fc2d8f8d32d4f7a024bb100f7c178059affa70
BRAVO_DRONE_4_KEYSTORE=.tmp-l2/drones/bravo/4/keystore.json

BRAVO_DRONE_5_ADDR=0x04f10f0552e1b9798a8c6e21df27051b80a034dc4f4d2dc567c0d0ab0914db39
BRAVO_DRONE_5_PUBKEY=0x026cfc62784085cacdd4d484c0ceca790ade8414a16b68013d29a603bd67e60d
BRAVO_DRONE_5_KEYSTORE=.tmp-l2/drones/bravo/5/keystore.json


[fund/bravo] funding 5 drones with 1000000000000000000 wei STRK + ETH each...
  [1/5] 0x0720ca73c76c830d5963b096b702ca9e617f3b6c6603625d0d79ab23c3951fb5... OK
  [2/5] 0x068a030e886e0d8c725c80693dc62bf11d5fcbab39aba9972f2a52af25d82dc2... OK
  [3/5] 0x059d6e840a1c651cbcb1877292800a30c2370a2b3e94a703450ea6cabcdec84b... OK
  [4/5] 0x04f257104de6af6b44ba009ade342f38c9be3521f00532bc6b9a9211e839141b... OK
  [5/5] 0x04f10f0552e1b9798a8c6e21df27051b80a034dc4f4d2dc567c0d0ab0914db39... OK

Henri@henryjr MINGW64 ~/Desktop/Mestrado/naval-convoy-protection (besu-migration)
$ ./SIMULATOR/scripts/register-missions.sh --swarm both

[register/alpha] mission 1 on Registry 0x5FbDB2315678afecb367f032d93F642f64180aa3
[register/alpha]   convoy_protocol L2 addr: 0x01e704f9dc82c31740ea822c7a3c3c7b5280e9decbf793b4071f76daf262f99e
[register/alpha]   drones: 0x07200257028ceccec41c833cd686588b59ffc31906d82f31f80368bfbef3bc7b 0x0586fc0f3724da943614fff26b03cf70d6686a8dbe8d18cb3a3a36ca98e2b74e 0x07d516548c38f534da57f22c778c2ad06742c4f32398255256e4c4b6bd6e0029 0x03ae6b4cd36d99695cc13264cd4def1c1de83fed0bfd5ee3d7c0386e4a48b066 0x061067e256c9bfb0b6633aa8c3e1e6234803837baea52e4293249a7bd814663e
[register/alpha] step 1a: Registry.setConvoyProtocolL2(1, 0x01e704f9dc82c31740ea822c7a3c3c7b5280e9decbf793b4071f76daf262f99e)
blobGasPrice         
blobGasUsed          
to                   0x5FbDB2315678afecb367f032d93F642f64180aa3
[register/alpha] step 2: Registry.deploy(1, spec, drones, 1700000000)
[register/alpha]   → also fires the real Starknet core sendMessageToL2(...) → L1→L2 open_mission
blobGasPrice         
blobGasUsed          
to                   0x5FbDB2315678afecb367f032d93F642f64180aa3
[register/alpha] step 3: registering drone pubkeys on Verifier 0xe7f1725E7734CE288F8367e1Bb143E90bb3F0512
[register/alpha]   drone 1 → 0x000bcda300aa3c145a16a6b09dff2dac4229d7aa971a4b814813c04f04747bbd
blobGasUsed          
to                   0xe7f1725E7734CE288F8367e1Bb143E90bb3F0512
[register/alpha]   drone 2 → 0x059c5403356b6099977591d5d5087029668a76a1a411e00e98c3016a74397601
blobGasUsed          
to                   0xe7f1725E7734CE288F8367e1Bb143E90bb3F0512
[register/alpha]   drone 3 → 0x025f34df9acbe705ddea325a2d202cc361281253066469adb037b6728e2f0887
blobGasUsed          
to                   0xe7f1725E7734CE288F8367e1Bb143E90bb3F0512
[register/alpha]   drone 4 → 0x03cf0d80f5483f270d2f566e2b3dd3e3229a859f2c3c9fe8717101ccd2e4dd1e
blobGasUsed          
to                   0xe7f1725E7734CE288F8367e1Bb143E90bb3F0512
[register/alpha]   drone 5 → 0x072c68cf52ef8365d658238f531271fcd86331556ecf168bb73d5fa0420288c5
blobGasUsed          
to                   0xe7f1725E7734CE288F8367e1Bb143E90bb3F0512
[register/alpha] OK

[register/bravo] mission 2 on Registry 0x5FbDB2315678afecb367f032d93F642f64180aa3
[register/bravo]   convoy_protocol L2 addr: 0x02087df47aaacf2e0e9880d36de475e1cdbcea1e6dcb8d0fb2c735b96e625865
[register/bravo]   drones: 0x0720ca73c76c830d5963b096b702ca9e617f3b6c6603625d0d79ab23c3951fb5 0x068a030e886e0d8c725c80693dc62bf11d5fcbab39aba9972f2a52af25d82dc2 0x059d6e840a1c651cbcb1877292800a30c2370a2b3e94a703450ea6cabcdec84b 0x04f257104de6af6b44ba009ade342f38c9be3521f00532bc6b9a9211e839141b 0x04f10f0552e1b9798a8c6e21df27051b80a034dc4f4d2dc567c0d0ab0914db39
[register/bravo] step 1a: Registry.setConvoyProtocolL2(2, 0x02087df47aaacf2e0e9880d36de475e1cdbcea1e6dcb8d0fb2c735b96e625865)
blobGasPrice         
blobGasUsed          
to                   0x5FbDB2315678afecb367f032d93F642f64180aa3
[register/bravo] step 2: Registry.deploy(2, spec, drones, 1700000000)
[register/bravo]   → also fires the real Starknet core sendMessageToL2(...) → L1→L2 open_mission
blobGasPrice         
blobGasUsed          
to                   0x5FbDB2315678afecb367f032d93F642f64180aa3
[register/bravo] step 3: registering drone pubkeys on Verifier 0xe7f1725E7734CE288F8367e1Bb143E90bb3F0512
[register/bravo]   drone 1 → 0x07cc5059a960334ea275583c5913951417ab1a65fb14d046298296383f0862e9
blobGasUsed          
to                   0xe7f1725E7734CE288F8367e1Bb143E90bb3F0512
[register/bravo]   drone 2 → 0x06a52e71c1b9420448f4354ead217aaa3b6493cef40e26d6ecc0c7d38c8937dc
blobGasUsed          
to                   0xe7f1725E7734CE288F8367e1Bb143E90bb3F0512
[register/bravo]   drone 3 → 0x05ab582e1bbd0c4fb93e685ff8dbce5fb527437cc0028fcdf252c1779d65d73a
blobGasUsed          
to                   0xe7f1725E7734CE288F8367e1Bb143E90bb3F0512
[register/bravo]   drone 4 → 0x0635004e13d70832347ce684e3fc2d8f8d32d4f7a024bb100f7c178059affa70
blobGasUsed          
to                   0xe7f1725E7734CE288F8367e1Bb143E90bb3F0512
[register/bravo]   drone 5 → 0x026cfc62784085cacdd4d484c0ceca790ade8414a16b68013d29a603bd67e60d
blobGasUsed          
to                   0xe7f1725E7734CE288F8367e1Bb143E90bb3F0512
[register/bravo] OK
[register] missions anchored on L1 + L1→L2 open_mission sent through the real Starknet core
[register] both swarms auto-consume open_mission via their own core (--sequencer L1 sync)

Henri@henryjr MINGW64 ~/Desktop/Mestrado/naval-convoy-protection (besu-migration)
$ sleep 90
docker logs convoy-madara-alpha 2>&1 | grep -iE "Processing L1→L2|nonce=" | tail -3
docker logs convoy-madara-bravo 2>&1 | grep -iE "Processing L1→L2|nonce=" | tail -3
[2026-09-09 21:34:54:651] DEBUG mc_settlement_client::messaging L1→L2 message received: block=1781, nonce=0, tx=0x9a69ce73c0eedf4c0619d3dd95bec654d6b59d883ea27085394d1bbab959c4d2
[2026-09-09 21:35:11:124] INFO Processing L1→L2 message: block=1781, nonce=0, confirmations=10
[2026-09-09 21:35:11:226] DEBUG mc_settlement_client::messaging Message stored: nonce=0
[2026-09-09 21:35:37:091] INFO Processing L1→L2 message: block=1793, nonce=0, confirmations=10

Henri@henryjr MINGW64 ~/Desktop/Mestrado/naval-convoy-protection (besu-migration)
$ python3 SIMULATOR/scripts/generate-mission.py --scenario both-safe --output-dir .tmp-l2/missions/
[generate-mission] scenario=both-safe, seed=42
[generate-mission] all 10 drones SAFE -> both swarms complete -> convoy ADVANCES
  .tmp-l2\missions\both-safe\alpha_1.json: n_cells=24 cov=1000/1000 max_p=6441 elapsed=171s
  .tmp-l2\missions\both-safe\alpha_2.json: n_cells=24 cov=1000/1000 max_p=5979 elapsed=171s
  .tmp-l2\missions\both-safe\alpha_3.json: n_cells=24 cov=1000/1000 max_p=6485 elapsed=171s
  .tmp-l2\missions\both-safe\alpha_4.json: n_cells=24 cov=1000/1000 max_p=6316 elapsed=171s
  .tmp-l2\missions\both-safe\alpha_5.json: n_cells=24 cov=1000/1000 max_p=6258 elapsed=171s
  .tmp-l2\missions\both-safe\bravo_1.json: n_cells=32 cov=1000/1000 max_p=6458 elapsed=227s
  .tmp-l2\missions\both-safe\bravo_2.json: n_cells=32 cov=1000/1000 max_p=6437 elapsed=227s
  .tmp-l2\missions\both-safe\bravo_3.json: n_cells=32 cov=1000/1000 max_p=6444 elapsed=227s
  .tmp-l2\missions\both-safe\bravo_4.json: n_cells=32 cov=1000/1000 max_p=6231 elapsed=227s
  .tmp-l2\missions\both-safe\bravo_5.json: n_cells=32 cov=1000/1000 max_p=6191 elapsed=227s

Henri@henryjr MINGW64 ~/Desktop/Mestrado/naval-convoy-protection (besu-migration)
$ ./SIMULATOR/scripts/submit-telemetry.sh bravo 3 .tmp-l2/missions/both-safe/bravo_3.json
[submit/bravo/3] signing telemetry commitment...

[submit/bravo/3] submitting telemetry
  mission_id:  2
  drone_id:    3
  contract:    0x02087df47aaacf2e0e9880d36de475e1cdbcea1e6dcb8d0fb2c735b96e625865
  RPC:         http://convoy-madara-bravo:9944/rpc/v0.8.1
  cells_file:  .tmp-l2/missions/both-safe/bravo_3.json

WARNING: setting keystore passwords via --password or env var is generally considered insecure, as they might be stored in your shell history or other log files.
Invoke transaction: 0x06499cd1dd7f21efa1bb79186f2c77312dedcd92419774f5336a70dcdc6c446b
Waiting for transaction 0x06499cd1dd7f21efa1bb79186f2c77312dedcd92419774f5336a70dcdc6c446b to confirm...
Transaction not confirmed yet...
Transaction 0x06499cd1dd7f21efa1bb79186f2c77312dedcd92419774f5336a70dcdc6c446b confirmed

Henri@henryjr MINGW64 ~/Desktop/Mestrado/naval-convoy-protection (besu-migration)
$ CONV=$(grep CONVOY_PROTOCOL_ADDR_BRAVO .tmp-l2/convoy_l2.env | cut -d= -f2)
MSYS_NO_PATHCONV=1 docker exec convoy-prover-api-bravo python3 /app/fetch_l2_cells.py --rpc http://convoy-madara-bravo:9944/rpc/v0.8.1 --contract "$CONV" --mission_id 2 --drone-id 3 --output /proofs/l2_input.json
[fetch] pulled 32 cells for mission 2, drone 3
[fetch] drone_pubkey = 0x05ab582e1bbd0c4fb93e685ff8dbce5fb527437cc0028fcdf252c1779d65d73a
[fetch] wrote /proofs/l2_input.json

Henri@henryjr MINGW64 ~/Desktop/Mestrado/naval-convoy-protection (besu-migration)
$ MSYS_NO_PATHCONV=1 docker exec convoy-prover-api-bravo sh -c 'echo "input=/proofs/l2_input.json tag=bravo3" > /proofs/prove_trigger'

Henri@henryjr MINGW64 ~/Desktop/Mestrado/naval-convoy-protection (besu-migration)
$ docker logs -f convoy-prover-api-bravo
============================================
  naval-convoy Phase 3 Stone prover
  cairo-compile + cairo-run + stone-cli prove-bootloader
  + stone-cli serialize-proof + path-a-runner L1 submission
============================================
[*] Checking tools...
    stone-cli         : OK
    cast              : OK
    cairo-lang        : 0.14.0.1

[*] Step 1/6: compile safe_area_verify.cairo (proof mode)
    builtins: ['output', 'pedersen', 'range_check', 'ecdsa']
    code size: 446 felts

[*] No program_input.json — using sample_input.json

============================================
  Proving — tag=boot-bravo-safe
  input: /proofs/program_input.json
============================================
[*] Step 2a/6: cairo-run --cairo_pie_output (input baked in)
/app/safe_area_verify.cairo:257:5: Error at pc=0:334:
Got an exception while executing a hint.
    %{
    ^^
Traceback (most recent call last):
  File "/app/safe_area_verify.cairo", line 258, in <module>
    ids.cells_nonce  = program_input['cells_nonce']
KeyError: 'cells_nonce'
[*] Step 2b/6: stone-cli prove-bootloader
Error: Bootloader failed: Failed to read PIE: invalid Zip archive: Invalid zip header
    proof bytes: 0
[*] Step 4/6: stone-cli verify (off-chain gate + annotation extraction)
Running stone verifier...
Error: Verification failed: failed to run stone verifier with version: V5, status: exit status: 1, stderr: ERROR: failed validation of new value 'proof.json' for flag 'in_file'

    verification: FAILED
[!] boot prove failed — container stays alive for debugging

[*] Container alive. Re-prove with:
      docker exec convoy-prover-api sh -c 'echo TAG > /proofs/prove_trigger'


============================================
  Proving — tag=bravo3
  input: /proofs/l2_input.json
============================================
[*] Step 2a/6: cairo-run --cairo_pie_output (input baked in)
Program output:
  2
  3
  8
  12
  0
  8
  1
  -575236823792208515975649470635726620727474143487142056461920187080136636662
  -1054199100915429543855029794084959333583963761191740514825361537067879377095

[*] Step 2b/6: stone-cli prove-bootloader
Bootloader program output:
382450030162484995497251732956824096484321811411123989415157331925872358847
-1105634678291810840495795743566225907562315655840952488182375710141777272881
1
11
318895903849853613769134879209308116233108736651379385621433022183915695593
2
3
8
12
0
8
1
-575236823792208515975649470635726620727474143487142056461920187080136636662
-1054199100915429543855029794084959333583963761191740514825361537067879377095
Created proof at "proof.json"
    proof bytes: 979523
[*] Step 4/6: stone-cli verify (off-chain gate + annotation extraction)
Running stone verifier...
Verification successful!
    verification: PASSED
[*] Step 5/7: stone-cli serialize-proof --network ethereum
    Ethereum-serialized proof written: evm_proof.json
[*] Step 5b/6: convoy-submitter — phases 1-4b (GPS verify + registerSafeProof)
[submitter] relay wallet: 0x70997970c51812dc3a010c7d01b50e0d17dc79c8
[submitter] Phase 1: trace Merkle commits → 0xdc64a140aa3e981100a9beca4e685f962f0cf6c9
[submitter]   ✓ Trace 0: tx 0x33ef452d71ba27d564699aa60112d1c150830304a8d9a70603cf4f2f2f448489
[submitter]   ✓ Trace 1: tx 0x52481a693dda99c331cfd4827f492d18293a4f3ced25d7ccd09e00ea850ea1bc
[submitter]   ✓ Trace 2: tx 0xdb64663d92577fdbf0eb386faf2f1896b2e522e73cdbf60751687080a3cabbba
[submitter] Phase 2: FRI commits → 0x5fc8d32690cc91d4c39d9d3abcbd16989f875707
[submitter]   ✓ FRI 0: tx 0x760cb0302dbc7e8ba66dbbdee32828b7e4fd7ddbb6e848311ee49958e5e5c40d
[submitter]   ✓ FRI 1: tx 0x1d118fd06a92c34a2b7a08a98079d7bc88950a6b64a073f4cf13ce7216f2dfa2
[submitter]   ✓ FRI 2: tx 0x1ff6366a53840e55677de378f5d02dcf2e95a778ebba5c309d87d096709bf478
[submitter]   ✓ FRI 3: tx 0x099517ba27eefbbad20fd31a9353e291e0e0db7d179171bd1b62400d153083c5
[submitter]   ✓ FRI 4: tx 0x75f4d58a74386b80b1f097b217a7c6f4b2d6e4ec916952cffaf8dcb3e174fe2e
[submitter]   ✓ FRI 5: tx 0x772d40e9be1ccb447ebe145a56624ad18468883ae98734dd5a6ad35b004dc53f
[submitter]   ✓ FRI 6: tx 0x9291ce69e6e52c834f24f6e63230d50eb348d2e146865241dde70827fe6fd354
[submitter]   ✓ FRI 7: tx 0x1e72a1c720fb5677577f36673a815feb7d6a555734a982524e371802189c77b6
[submitter] Phase 3: memory page registrations → 0x0165878a594ca255338adfa4d48449f69242eb8f
[submitter]   ✓ memory page 0: tx 0xe4d3f8606ee94d2b7ab8383ac77cdb13795d54827009d81f71a26daeb30d90b3
[submitter] Phase 4a: GpsStatementVerifier.verifyProofAndRegister → 0xc6e7df5e7b4f2a278906862b61205850344d4e7d
[submitter]   ✓ verifyProofAndRegister: tx 0xb3375ca5ddc04ea7cc14d9d56f4e8b7175710649377d46d743699c7af5d34349
[submitter] Phase 4b: Verifier.registerSafeProof → 0xe7f1725e7734ce288f8367e1bb143e90bb3f0512
[submitter]   programHash: 0x00b47d1a7ada01abec48916fe0ca28d7b176519e0b53ed0f0792bfb1fb5cade9
[submitter]   outputHash:  0x8acffb21c7dd46112bce099ecaf77041a09365506307dbecbf720fbde167df85
[submitter]   mission 2 drone 3 verdict 1
[submitter]   strip x[8,12] y[0,8]
[submitter]   ✓ registerSafeProof: tx 0x7be91274908d0a55d553c5d8036f77a783ac6d56e9cfd3d00535555661c477dd
[submitter] DONE.
    ✓ phases 1-4b OK — proof verified + verdict recorded on L1
  File "<string>", line 2
    import json, os
IndentationError: unexpected indent

================================================
  PIPELINE COMPLETE
  proof:     /proofs/proof.json
  evm_proof: /proofs/evm_proof.json
  meta:      /proofs/proof_meta.json
  submit:    /proofs/submit_log.txt
================================================
